Archive member included to satisfy reference by file (symbol)

/home/matan/.eclipse/com.st.stm32cube.ide.mcu.rcp.product_1.16.0_139065174_linux_gtk_x86_64/plugins/com.st.stm32cube.ide.mcu.externaltools.gnu-tools-for-stm32.13.3.rel1.linux64_1.0.0.202410170706/tools/bin/../lib/gcc/arm-none-eabi/13.3.1/../../../../arm-none-eabi/lib/thumb/v6-m/nofp/libstdc++_nano.a(new_op.o)
                              ./Core/Src/bootloader_main.o (operator new(unsigned int))
/home/matan/.eclipse/com.st.stm32cube.ide.mcu.rcp.product_1.16.0_139065174_linux_gtk_x86_64/plugins/com.st.stm32cube.ide.mcu.externaltools.gnu-tools-for-stm32.13.3.rel1.linux64_1.0.0.202410170706/tools/bin/../lib/gcc/arm-none-eabi/13.3.1/../../../../arm-none-eabi/lib/thumb/v6-m/nofp/libstdc++_nano.a(new_handler.o)
                              /home/matan/.eclipse/com.st.stm32cube.ide.mcu.rcp.product_1.16.0_139065174_linux_gtk_x86_64/plugins/com.st.stm32cube.ide.mcu.externaltools.gnu-tools-for-stm32.13.3.rel1.linux64_1.0.0.202410170706/tools/bin/../lib/gcc/arm-none-eabi/13.3.1/../../../../arm-none-eabi/lib/thumb/v6-m/nofp/libstdc++_nano.a(new_op.o) (std::get_new_handler())
/home/matan/.eclipse/com.st.stm32cube.ide.mcu.rcp.product_1.16.0_139065174_linux_gtk_x86_64/plugins/com.st.stm32cube.ide.mcu.externaltools.gnu-tools-for-stm32.13.3.rel1.linux64_1.0.0.202410170706/tools/bin/../lib/gcc/arm-none-eabi/13.3.1/../../../../arm-none-eabi/lib/thumb/v6-m/nofp/libc_nano.a(libc_a-abort.o)
                              /home/matan/.eclipse/com.st.stm32cube.ide.mcu.rcp.product_1.16.0_139065174_linux_gtk_x86_64/plugins/com.st.stm32cube.ide.mcu.externaltools.gnu-tools-for-stm32.13.3.rel1.linux64_1.0.0.202410170706/tools/bin/../lib/gcc/arm-none-eabi/13.3.1/../../../../arm-none-eabi/lib/thumb/v6-m/nofp/libstdc++_nano.a(new_op.o) (abort)
/home/matan/.eclipse/com.st.stm32cube.ide.mcu.rcp.product_1.16.0_139065174_linux_gtk_x86_64/plugins/com.st.stm32cube.ide.mcu.externaltools.gnu-tools-for-stm32.13.3.rel1.linux64_1.0.0.202410170706/tools/bin/../lib/gcc/arm-none-eabi/13.3.1/../../../../arm-none-eabi/lib/thumb/v6-m/nofp/libc_nano.a(libc_a-exit.o)
                              /home/matan/.eclipse/com.st.stm32cube.ide.mcu.rcp.product_1.16.0_139065174_linux_gtk_x86_64/plugins/com.st.stm32cube.ide.mcu.externaltools.gnu-tools-for-stm32.13.3.rel1.linux64_1.0.0.202410170706/tools/bin/../lib/gcc/arm-none-eabi/13.3.1/../../../../arm-none-eabi/lib/thumb/v6-m/nofp/crt0.o (exit)
/home/matan/.eclipse/com.st.stm32cube.ide.mcu.rcp.product_1.16.0_139065174_linux_gtk_x86_64/plugins/com.st.stm32cube.ide.mcu.externaltools.gnu-tools-for-stm32.13.3.rel1.linux64_1.0.0.202410170706/tools/bin/../lib/gcc/arm-none-eabi/13.3.1/../../../../arm-none-eabi/lib/thumb/v6-m/nofp/libc_nano.a(libc_a-malloc.o)
                              /home/matan/.eclipse/com.st.stm32cube.ide.mcu.rcp.product_1.16.0_139065174_linux_gtk_x86_64/plugins/com.st.stm32cube.ide.mcu.externaltools.gnu-tools-for-stm32.13.3.rel1.linux64_1.0.0.202410170706/tools/bin/../lib/gcc/arm-none-eabi/13.3.1/../../../../arm-none-eabi/lib/thumb/v6-m/nofp/libstdc++_nano.a(new_op.o) (malloc)
/home/matan/.eclipse/com.st.stm32cube.ide.mcu.rcp.product_1.16.0_139065174_linux_gtk_x86_64/plugins/com.st.stm32cube.ide.mcu.externaltools.gnu-tools-for-stm32.13.3.rel1.linux64_1.0.0.202410170706/tools/bin/../lib/gcc/arm-none-eabi/13.3.1/../../../../arm-none-eabi/lib/thumb/v6-m/nofp/libc_nano.a(libc_a-mallocr.o)
                              /home/matan/.eclipse/com.st.stm32cube.ide.mcu.rcp.product_1.16.0_139065174_linux_gtk_x86_64/plugins/com.st.stm32cube.ide.mcu.externaltools.gnu-tools-for-stm32.13.3.rel1.linux64_1.0.0.202410170706/tools/bin/../lib/gcc/arm-none-eabi/13.3.1/../../../../arm-none-eabi/lib/thumb/v6-m/nofp/libc_nano.a(libc_a-malloc.o) (_malloc_r)
/home/matan/.eclipse/com.st.stm32cube.ide.mcu.rcp.product_1.16.0_139065174_linux_gtk_x86_64/plugins/com.st.stm32cube.ide.mcu.externaltools.gnu-tools-for-stm32.13.3.rel1.linux64_1.0.0.202410170706/tools/bin/../lib/gcc/arm-none-eabi/13.3.1/../../../../arm-none-eabi/lib/thumb/v6-m/nofp/libc_nano.a(libc_a-mlock.o)
                              /home/matan/.eclipse/com.st.stm32cube.ide.mcu.rcp.product_1.16.0_139065174_linux_gtk_x86_64/plugins/com.st.stm32cube.ide.mcu.externaltools.gnu-tools-for-stm32.13.3.rel1.linux64_1.0.0.202410170706/tools/bin/../lib/gcc/arm-none-eabi/13.3.1/../../../../arm-none-eabi/lib/thumb/v6-m/nofp/libc_nano.a(libc_a-mallocr.o) (__malloc_lock)
/home/matan/.eclipse/com.st.stm32cube.ide.mcu.rcp.product_1.16.0_139065174_linux_gtk_x86_64/plugins/com.st.stm32cube.ide.mcu.externaltools.gnu-tools-for-stm32.13.3.rel1.linux64_1.0.0.202410170706/tools/bin/../lib/gcc/arm-none-eabi/13.3.1/../../../../arm-none-eabi/lib/thumb/v6-m/nofp/libc_nano.a(libc_a-findfp.o)
[...]
Memory Configuration

Name             Origin             Length             Attributes
RAM              0x20000000         0x00004000         xrw
FLASH            0x08000000         0x00005000         xr
META_DATA        0x08005000         0x00000800         xr
APPLICATION      0x08005800         0x0000a000         xr
CONFIG           0x0800f800         0x00000800         xr
*default*        0x00000000         0xffffffff

Linker script and memory map

LOAD /home/matan/.eclipse/com.st.stm32cube.ide.mcu.rcp.product_1.16.0_139065174_linux_gtk_x86_64/plugins/com.st.stm32cube.ide.mcu.externaltools.gnu-tools-for-stm32.13.3.rel1.linux64_1.0.0.202410170706/tools/bin/../lib/gcc/arm-none-eabi/13.3.1/thumb/v6-m/nofp/crti.o
LOAD /home/matan/.eclipse/com.st.stm32cube.ide.mcu.rcp.product_1.16.0_139065174_linux_gtk_x86_64/plugins/com.st.stm32cube.ide.mcu.externaltools.gnu-tools-for-stm32.13.3.rel1.linux64_1.0.0.202410170706/tools/bin/../lib/gcc/arm-none-eabi/13.3.1/thumb/v6-m/nofp/crtbegin.o
LOAD /home/matan/.eclipse/com.st.stm32cube.ide.mcu.rcp.product_1.16.0_139065174_linux_gtk_x86_64/plugins/com.st.stm32cube.ide.mcu.externaltools.gnu-tools-for-stm32.13.3.rel1.linux64_1.0.0.202410170706/tools/bin/../lib/gcc/arm-none-eabi/13.3.1/../../../../arm-none-eabi/lib/thumb/v6-m/nofp/crt0.o
LOAD ./Core/Src/bluelink_messages_include/PayloadStructs/PayloadTypes.o
LOAD ./Core/Src/bootloader_main.o
LOAD ./Core/Src/main.o
LOAD ./Core/Src/stm32f0xx_hal_msp.o
LOAD ./Core/Src/stm32f0xx_it.o
LOAD ./Core/Src/syscalls.o
LOAD ./Core/Src/sysmem.o
LOAD ./Core/Src/system_stm32f0xx.o
LOAD ./Core/Src/f072/CanMessenger/can_messenger.o
LOAD ./Core/Src/f072/CommInterface/comm_interface.o
LOAD ./Core/Src/f072/GpioInterface/gpio_interface.o
LOAD ./Core/Src/f072/NonVolatileMemoryInterface/non_volatile_memory_interface.o
LOAD ./Core/Src/f072/SchedulerInterface/scheduler_interface.o
LOAD ./Core/Src/f072/SystemInterface/system_interface.o
LOAD ./Core/Startup/startup_stm32f072c8tx.o
LOAD ./Drivers/STM32F0xx_HAL_Driver/Src/stm32f0xx_hal.o
LOAD ./Drivers/STM32F0xx_HAL_Driver/Src/stm32f0xx_hal_can.o
LOAD ./Drivers/STM32F0xx_HAL_Driver/Src/stm32f0xx_hal_cortex.o
LOAD ./Drivers/STM32F0xx_HAL_Driver/Src/stm32f0xx_hal_dma.o
LOAD ./Drivers/STM32F0xx_HAL_Driver/Src/stm32f0xx_hal_exti.o
LOAD ./Drivers/STM32F0xx_HAL_Driver/Src/stm32f0xx_hal_flash.o
LOAD ./Drivers/STM32F0xx_HAL_Driver/Src/stm32f0xx_hal_flash_ex.o
LOAD ./Drivers/STM32F0xx_HAL_Driver/Src/stm32f0xx_hal_gpio.o
LOAD ./Drivers/STM32F0xx_HAL_Driver/Src/stm32f0xx_hal_i2c.o
LOAD ./Drivers/STM32F0xx_HAL_Driver/Src/stm32f0xx_hal_i2c_ex.o
LOAD ./Drivers/STM32F0xx_HAL_Driver/Src/stm32f0xx_hal_pwr.o
LOAD ./Drivers/STM32F0xx_HAL_Driver/Src/stm32f0xx_hal_pwr_ex.o
LOAD ./Drivers/STM32F0xx_HAL_Driver/Src/stm32f0xx_hal_rcc.o
LOAD ./Drivers/STM32F0xx_HAL_Driver/Src/stm32f0xx_hal_rcc_ex.o
LOAD ./Drivers/STM32F0xx_HAL_Driver/Src/stm32f0xx_hal_spi.o
LOAD ./Drivers/STM32F0xx_HAL_Driver/Src/stm32f0xx_hal_spi_ex.o
LOAD ./Drivers/STM32F0xx_HAL_Driver/Src/stm32f0xx_hal_tim.o
LOAD ./Drivers/STM32F0xx_HAL_Driver/Src/stm32f0xx_hal_tim_ex.o
START GROUP
LOAD /home/matan/.eclipse/com.st.stm32cube.ide.mcu.rcp.product_1.16.0_139065174_linux_gtk_x86_64/plugins/com.st.stm32cube.ide.mcu.externaltools.gnu-tools-for-stm32.13.3.rel1.linux64_1.0.0.202410170706/tools/bin/../lib/gcc/arm-none-eabi/13.3.1/../../../../arm-none-eabi/lib/thumb/v6-m/nofp/libstdc++_nano.a
LOAD /home/matan/.eclipse/com.st.stm32cube.ide.mcu.rcp.product_1.16.0_139065174_linux_gtk_x86_64/plugins/com.st.stm32cube.ide.mcu.externaltools.gnu-tools-for-stm32.13.3.rel1.linux64_1.0.0.202410170706/tools/bin/../lib/gcc/arm-none-eabi/13.3.1/../../../../arm-none-eabi/lib/thumb/v6-m/nofp/libsupc++_nano.a
END GROUP
LOAD /home/matan/.eclipse/com.st.stm32cube.ide.mcu.rcp.product_1.16.0_139065174_linux_gtk_x86_64/plugins/com.st.stm32cube.ide.mcu.externaltools.gnu-tools-for-stm32.13.3.rel1.linux64_1.0.0.202410170706/tools/bin/../lib/gcc/arm-none-eabi/13.3.1/../../../../arm-none-eabi/lib/thumb/v6-m/nofp/libstdc++_nano.a
LOAD /home/matan/.eclipse/com.st.stm32cube.ide.mcu.rcp.product_1.16.0_139065174_linux_gtk_x86_64/plugins/com.st.stm32cube.ide.mcu.externaltools.gnu-tools-for-stm32.13.3.rel1.linux64_1.0.0.202410170706/tools/bin/../lib/gcc/arm-none-eabi/13.3.1/../../../../arm-none-eabi/lib/thumb/v6-m/nofp/libm.a
LOAD /home/matan/.eclipse/com.st.stm32cube.ide.mcu.rcp.product_1.16.0_139065174_linux_gtk_x86_64/plugins/com.st.stm32cube.ide.mcu.externaltools.gnu-tools-for-stm32.13.3.rel1.linux64_1.0.0.202410170706/tools/bin/../lib/gcc/arm-none-eabi/13.3.1/../../../../arm-none-eabi/lib/thumb/v6-m/nofp/libc_nano.a
START GROUP
LOAD /home/matan/.eclipse/com.st.stm32cube.ide.mcu.rcp.product_1.16.0_139065174_linux_gtk_x86_64/plugins/com.st.stm32cube.ide.mcu.externaltools.gnu-tools-for-stm32.13.3.rel1.linux64_1.0.0.202410170706/tools/bin/../lib/gcc/arm-none-eabi/13.3.1/thumb/v6-m/nofp/libgcc.a
LOAD /home/matan/.eclipse/com.st.stm32cube.ide.mcu.rcp.product_1.16.0_139065174_linux_gtk_x86_64/plugins/com.st.stm32cube.ide.mcu.externaltools.gnu-tools-for-stm32.13.3.rel1.linux64_1.0.0.202410170706/tools/bin/../lib/gcc/arm-none-eabi/13.3.1/../../../../arm-none-eabi/lib/thumb/v6-m/nofp/libc_nano.a
END GROUP
START GROUP
LOAD /home/matan/.eclipse/com.st.stm32cube.ide.mcu.rcp.product_1.16.0_139065174_linux_gtk_x86_64/plugins/com.st.stm32cube.ide.mcu.externaltools.gnu-tools-for-stm32.13.3.rel1.linux64_1.0.0.202410170706/tools/bin/../lib/gcc/arm-none-eabi/13.3.1/thumb/v6-m/nofp/libgcc.a
LOAD /home/matan/.eclipse/com.st.stm32cube.ide.mcu.rcp.product_1.16.0_139065174_linux_gtk_x86_64/plugins/com.st.stm32cube.ide.mcu.externaltools.gnu-tools-for-stm32.13.3.rel1.linux64_1.0.0.202410170706/tools/bin/../lib/gcc/arm-none-eabi/13.3.1/../../../../arm-none-eabi/lib/thumb/v6-m/nofp/libc_nano.a
END GROUP
LOAD /home/matan/.eclipse/com.st.stm32cube.ide.mcu.rcp.product_1.16.0_139065174_linux_gtk_x86_64/plugins/com.st.stm32cube.ide.mcu.externaltools.gnu-tools-for-stm32.13.3.rel1.linux64_1.0.0.202410170706/tools/bin/../lib/gcc/arm-none-eabi/13.3.1/thumb/v6-m/nofp/crtend.o
LOAD /home/matan/.eclipse/com.st.stm32cube.ide.mcu.rcp.product_1.16.0_139065174_linux_gtk_x86_64/plugins/com.st.stm32cube.ide.mcu.externaltools.gnu-tools-for-stm32.13.3.rel1.linux64_1.0.0.202410170706/tools/bin/../lib/gcc/arm-none-eabi/13.3.1/thumb/v6-m/nofp/crtn.o
                0x20004000                        _estack = (ORIGIN (RAM) + LENGTH (RAM))
                0x00000200                        _Min_Heap_Size = 0x200
                0x00000400                        _Min_Stack_Size = 0x400

.meta_data      0x08005000       0x29
 *(.meta_data)
 .meta_data     0x08005000       0x29 ./Core/Src/f072/NonVolatileMemoryInterface/non_volatile_memory_interface.o
                0x08005000                NonVolatileMemoryInterface::META_DATA_

.config
 *(.config)

/DISCARD/
 *(.meta_data)
 *(.config)

.isr_vector     0x08000000       0xc0
                0x08000000                        . = ALIGN (0x4)
 *(.isr_vector)
 .isr_vector    0x08000000       0xc0 ./Core/Startup/startup_stm32f072c8tx.o
                0x08000000                g_pfnVectors
                0x080000c0                        . = ALIGN (0x4)

.text           0x080000c0     0x475c
                0x080000c0                        . = ALIGN (0x4)
 *(.text)
 .text          0x080000c0       0x48 /home/matan/.eclipse/com.st.stm32cube.ide.mcu.rcp.product_1.16.0_139065174_linux_gtk_x86_64/plugins/com.st.stm32cube.ide.mcu.externaltools.gnu-tools-for-stm32.13.3.rel1.linux64_1.0.0.202410170706/tools/bin/../lib/gcc/arm-none-eabi/13.3.1/thumb/v6-m/nofp/crtbegin.o
 .text          0x08000108       0x14 /home/matan/.eclipse/com.st.stm32cube.ide.mcu.rcp.product_1.16.0_139065174_linux_gtk_x86_64/plugins/com.st.stm32cube.ide.mcu.externaltools.gnu-tools-for-stm32.13.3.rel1.linux64_1.0.0.202410170706/tools/bin/../lib/gcc/arm-none-eabi/13.3.1/thumb/v6-m/nofp/libgcc.a(_thumb1_case_uqi.o)
                0x08000108                __gnu_thumb1_case_uqi
 .text          0x0800011c      0x114 /home/matan/.eclipse/com.st.stm32cube.ide.mcu.rcp.product_1.16.0_139065174_linux_gtk_x86_64/plugins/com.st.stm32cube.ide.mcu.externaltools.gnu-tools-for-stm32.13.3.rel1.linux64_1.0.0.202410170706/tools/bin/../lib/gcc/arm-none-eabi/13.3.1/thumb/v6-m/nofp/libgcc.a(_udivsi3.o)
                0x0800011c                __udivsi3
                0x0800011c                __aeabi_uidiv
                0x08000228                __aeabi_uidivmod
 .text          0x08000230        0x4 /home/matan/.eclipse/com.st.stm32cube.ide.mcu.rcp.product_1.16.0_139065174_linux_gtk_x86_64/plugins/com.st.stm32cube.ide.mcu.externaltools.gnu-tools-for-stm32.13.3.rel1.linux64_1.0.0.202410170706/tools/bin/../lib/gcc/arm-none-eabi/13.3.1/thumb/v6-m/nofp/libgcc.a(_dvmd_tls.o)
                0x08000230                __aeabi_ldiv0
                0x08000230                __aeabi_idiv0
 *(.text*)
 .text._ZN13CommInterface5writeEPKht
                0x08000234        0x4 ./Core/Src/bootloader_main.o
                0x08000234                CommInterface::write(unsigned char const*, unsigned short)
 .text._ZZN14BootloaderMain22initializeCanInterfaceEvENUlvE_4_FUNEv
                0x08000238       0x1c ./Core/Src/bootloader_main.o
 .text._ZN14BootloaderMain18configureCanFilterEv
                0x08000254       0x28 ./Core/Src/bootloader_main.o
                0x08000254                BootloaderMain::configureCanFilter()
 .text._ZN14BootloaderMain22initializeCanInterfaceEv
                0x0800027c       0x48 ./Core/Src/bootloader_main.o
                0x0800027c                BootloaderMain::initializeCanInterface()
 .text._ZN14BootloaderMainC2EP17CAN_HandleTypeDef
                0x080002c4       0xe8 ./Core/Src/bootloader_main.o
                0x080002c4                BootloaderMain::BootloaderMain(CAN_HandleTypeDef*)
                0x080002c4                BootloaderMain::BootloaderMain(CAN_HandleTypeDef*)
 .text._ZN14BootloaderMain28directEnqueueRxFromInterruptERK19CAN_RxHeaderTypeDefPKhh
                0x080003ac       0x14 ./Core/Src/bootloader_main.o
                0x080003ac                BootloaderMain::directEnqueueRxFromInterrupt(CAN_RxHeaderTypeDef const&, unsigned char const*, unsigned char)
 .text._ZZN14BootloaderMain22initializeCanInterfaceEvENUlRK19CAN_RxHeaderTypeDefPKhhE_4_FUNES2_S4_h
                0x080003c0       0x24 ./Core/Src/bootloader_main.o
 .text._ZN14BootloaderMain14sendCanMessageEhN8bluelink14PayloadTypeIdsEPKvj
                0x080003e4       0x36 ./Core/Src/bootloader_main.o
                0x080003e4                BootloaderMain::sendCanMessage(unsigned char, bluelink::PayloadTypeIds, void const*, unsigned int)
 *fill*         0x0800041a        0x2 
 .text._ZN14BootloaderMain28handlePendingMetadataRequestEv
                0x0800041c       0x50 ./Core/Src/bootloader_main.o
                0x0800041c                BootloaderMain::handlePendingMetadataRequest()
 .text._ZN14BootloaderMain28handlePendingProgrammingDataEv
                0x0800046c       0x24 ./Core/Src/bootloader_main.o
                0x0800046c                BootloaderMain::handlePendingProgrammingData()
 .text._ZN14BootloaderMain14processTxQueueEv
                0x08000490       0x18 ./Core/Src/bootloader_main.o
                0x08000490                BootloaderMain::processTxQueue()
 .text._ZN14BootloaderMain25processProgrammingCommandEv
                0x080004a8       0x5c ./Core/Src/bootloader_main.o
                0x080004a8                BootloaderMain::processProgrammingCommand()
 .text._ZN14BootloaderMain22processRxQueuedMessageEv
                0x08000504       0x50 ./Core/Src/bootloader_main.o
                0x08000504                BootloaderMain::processRxQueuedMessage()
 .text._ZN14BootloaderMain15handleInitStateEv
                0x08000554       0x18 ./Core/Src/bootloader_main.o
                0x08000554                BootloaderMain::handleInitState()
 .text._ZN14BootloaderMain30handleProgrammingCompleteStateEv
                0x0800056c       0x14 ./Core/Src/bootloader_main.o
                0x0800056c                BootloaderMain::handleProgrammingCompleteState()
 .text._ZN14BootloaderMain16handleErrorStateEv
                0x08000580       0x40 ./Core/Src/bootloader_main.o
                0x08000580                BootloaderMain::handleErrorState()
 .text._ZN14BootloaderMain11unlockFlashEv
                0x080005c0       0x18 ./Core/Src/bootloader_main.o
                0x080005c0                BootloaderMain::unlockFlash()
 .text._ZN14BootloaderMain10eraseFlashEv
                0x080005d8       0x58 ./Core/Src/bootloader_main.o
                0x080005d8                BootloaderMain::eraseFlash()
 .text._ZN14BootloaderMain14writeFlashWordEmm
                0x08000630       0x1c ./Core/Src/bootloader_main.o
                0x08000630                BootloaderMain::writeFlashWord(unsigned long, unsigned long)
 .text._ZN14BootloaderMain26prepareFlashForProgrammingEv
                0x0800064c       0x1c ./Core/Src/bootloader_main.o
                0x0800064c                BootloaderMain::prepareFlashForProgramming()
 .text._ZN14BootloaderMain14exitBootloaderEv
                0x08000668       0x10 ./Core/Src/bootloader_main.o
                0x08000668                BootloaderMain::exitBootloader()
 .text._ZN14BootloaderMain17jumpToApplicationEb
                0x08000678       0x50 ./Core/Src/bootloader_main.o
                0x08000678                BootloaderMain::jumpToApplication(bool)
 .text._ZN14BootloaderMain20handleJumpToAppStateEv
                0x080006c8        0xa ./Core/Src/bootloader_main.o
                0x080006c8                BootloaderMain::handleJumpToAppState()
 *fill*         0x080006d2        0x2 
 .text._ZN14BootloaderMain25requestProgrammingFromHLCEv
                0x080006d4       0x2c ./Core/Src/bootloader_main.o
                0x080006d4                BootloaderMain::requestProgrammingFromHLC()
 .text._ZN14BootloaderMain14handleTimeoutsEv
                0x08000700       0x7c ./Core/Src/bootloader_main.o
                0x08000700                BootloaderMain::handleTimeouts()
 .text._ZNK14BootloaderMain25isProgrammingStartCommandEv
                0x0800077c       0x28 ./Core/Src/bootloader_main.o
                0x0800077c                BootloaderMain::isProgrammingStartCommand() const
 .text._ZN14BootloaderMain28handleWaitingForCommandStateEv
                0x080007a4       0x1c ./Core/Src/bootloader_main.o
                0x080007a4                BootloaderMain::handleWaitingForCommandState()
 .text._ZNK14BootloaderMain25isProgrammingReadyCommandEv
                0x080007c0       0x34 ./Core/Src/bootloader_main.o
                0x080007c0                BootloaderMain::isProgrammingReadyCommand() const
 .text._ZN14BootloaderMain12resetTimeoutEv
                0x080007f4        0xc ./Core/Src/bootloader_main.o
                0x080007f4                BootloaderMain::resetTimeout()
 .text._ZN14BootloaderMain27handleProgrammingReadyStateEv
                0x08000800       0x24 ./Core/Src/bootloader_main.o
                0x08000800                BootloaderMain::handleProgrammingReadyState()
 .text._ZN14BootloaderMain37handleWaitingForProgrammingReadyStateEv
                0x08000824       0x3c ./Core/Src/bootloader_main.o
                0x08000824                BootloaderMain::handleWaitingForProgrammingReadyState()
 .text._ZN14BootloaderMain21resetProgrammingStateEv
                0x08000860       0x20 ./Core/Src/bootloader_main.o
                0x08000860                BootloaderMain::resetProgrammingState()
 .text._ZN14BootloaderMain30handleSingleProgrammingCommandEv
                0x08000880       0x88 ./Core/Src/bootloader_main.o
                0x08000880                BootloaderMain::handleSingleProgrammingCommand()
 .text._ZN14BootloaderMain32handleProgrammingInProgressStateEv
                0x08000908       0x48 ./Core/Src/bootloader_main.o
                0x08000908                BootloaderMain::handleProgrammingInProgressState()
 .text._ZN14BootloaderMain19processStateMachineEv
                0x08000950       0x5e ./Core/Src/bootloader_main.o
                0x08000950                BootloaderMain::processStateMachine()
 .text._ZN14BootloaderMain16updateLedPatternEv
                0x080009ae       0x62 ./Core/Src/bootloader_main.o
                0x080009ae                BootloaderMain::updateLedPattern()
 .text._ZN14BootloaderMain3runEv
                0x08000a10       0x24 ./Core/Src/bootloader_main.o
                0x08000a10                BootloaderMain::run()
 .text._Z14bootloaderMainP17CAN_HandleTypeDef
                0x08000a34       0x12 ./Core/Src/bootloader_main.o
                0x08000a34                bootloaderMain(CAN_HandleTypeDef*)
 .text._Z18SystemClock_Configv
                0x08000a46       0x60 ./Core/Src/main.o
                0x08000a46                SystemClock_Config()
 *fill*         0x08000aa6        0x2 
 .text.startup.main
                0x08000aa8      0x128 ./Core/Src/main.o
                0x08000aa8                main
 .text.HAL_MspInit
                0x08000bd0       0x48 ./Core/Src/stm32f0xx_hal_msp.o
                0x08000bd0                HAL_MspInit
 .text.HAL_CAN_MspInit
                0x08000c18       0xac ./Core/Src/stm32f0xx_hal_msp.o
                0x08000c18                HAL_CAN_MspInit
 .text.HAL_CAN_MspDeInit
                0x08000cc4       0x48 ./Core/Src/stm32f0xx_hal_msp.o
                0x08000cc4                HAL_CAN_MspDeInit
 .text.HAL_SPI_MspInit
                0x08000d0c       0xac ./Core/Src/stm32f0xx_hal_msp.o
                0x08000d0c                HAL_SPI_MspInit
 .text.__NVIC_SystemReset
                0x08000db8       0x24 ./Core/Src/stm32f0xx_it.o
 .text.NMI_Handler
                0x08000ddc        0x8 ./Core/Src/stm32f0xx_it.o
                0x08000ddc                NMI_Handler
 .text.HardFault_Handler
                0x08000de4        0x8 ./Core/Src/stm32f0xx_it.o
                0x08000de4                HardFault_Handler
 .text.SVC_Handler
                0x08000dec        0xa ./Core/Src/stm32f0xx_it.o
                0x08000dec                SVC_Handler
 .text.PendSV_Handler
                0x08000df6        0xa ./Core/Src/stm32f0xx_it.o
                0x08000df6                PendSV_Handler
 .text.SysTick_Handler
                0x08000e00        0xe ./Core/Src/stm32f0xx_it.o
                0x08000e00                SysTick_Handler
 *fill*         0x08000e0e        0x2 
 .text.SPI1_IRQHandler
                0x08000e10       0x18 ./Core/Src/stm32f0xx_it.o
                0x08000e10                SPI1_IRQHandler
 .text.CEC_CAN_IRQHandler
                0x08000e28       0x18 ./Core/Src/stm32f0xx_it.o
                0x08000e28                CEC_CAN_IRQHandler
 .text._getpid  0x08000e40        0xc ./Core/Src/syscalls.o
                0x08000e40                _getpid
 .text._kill    0x08000e4c       0x20 ./Core/Src/syscalls.o
                0x08000e4c                _kill
 .text._exit    0x08000e6c       0x1a ./Core/Src/syscalls.o
                0x08000e6c                _exit
 *fill*         0x08000e86        0x2 
 .text._sbrk    0x08000e88       0x6c ./Core/Src/sysmem.o
                0x08000e88                _sbrk
 .text.SystemInit
                0x08000ef4        0xa ./Core/Src/system_stm32f0xx.o
                0x08000ef4                SystemInit
 .text._ZN12CanMessenger11TxQueueItemC2Ev
                0x08000efe       0x1e ./Core/Src/f072/CanMessenger/can_messenger.o
                0x08000efe                CanMessenger::TxQueueItem::TxQueueItem()
                0x08000efe                CanMessenger::TxQueueItem::TxQueueItem()
 .text._ZN12CanMessenger11RxQueueItemC2Ev
                0x08000f1c       0x1e ./Core/Src/f072/CanMessenger/can_messenger.o
                0x08000f1c                CanMessenger::RxQueueItem::RxQueueItem()
                0x08000f1c                CanMessenger::RxQueueItem::RxQueueItem()
 *fill*         0x08000f3a        0x2 
 .text._ZN12CanMessenger20insertTxWithPriorityERKNS_11TxQueueItemE
                0x08000f3c       0xf0 ./Core/Src/f072/CanMessenger/can_messenger.o
                0x08000f3c                CanMessenger::insertTxWithPriority(CanMessenger::TxQueueItem const&)
 .text._ZN12CanMessenger20insertRxWithPriorityERKNS_11RxQueueItemE
                0x0800102c       0xf0 ./Core/Src/f072/CanMessenger/can_messenger.o
                0x0800102c                CanMessenger::insertRxWithPriority(CanMessenger::RxQueueItem const&)
 .text._ZN12CanMessenger16dequeueTxMessageERNS_11TxQueueItemE
                0x0800111c       0xb4 ./Core/Src/f072/CanMessenger/can_messenger.o
                0x0800111c                CanMessenger::dequeueTxMessage(CanMessenger::TxQueueItem&)
 .text._ZN12CanMessenger16dequeueRxMessageERNS_11RxQueueItemE
                0x080011d0       0xb4 ./Core/Src/f072/CanMessenger/can_messenger.o
                0x080011d0                CanMessenger::dequeueRxMessage(CanMessenger::RxQueueItem&)
 .text._ZN12CanMessenger17sendQueuedMessageERKNS_11TxQueueItemE
                0x08001284       0x56 ./Core/Src/f072/CanMessenger/can_messenger.o
                0x08001284                CanMessenger::sendQueuedMessage(CanMessenger::TxQueueItem const&)
 *fill*         0x080012da        0x2 
 .text._ZN12CanMessenger25processQueueFromInterruptEv
                0x080012dc       0x60 ./Core/Src/f072/CanMessenger/can_messenger.o
                0x080012dc                CanMessenger::processQueueFromInterrupt()
 .text._ZN12CanMessenger19determineRxPriorityEh
                0x0800133c       0x14 ./Core/Src/f072/CanMessenger/can_messenger.o
                0x0800133c                CanMessenger::determineRxPriority(unsigned char)
 .text._ZN12CanMessenger19determineTxPriorityEh
                0x08001350       0x14 ./Core/Src/f072/CanMessenger/can_messenger.o
                0x08001350                CanMessenger::determineTxPriority(unsigned char)
 .text._ZN12CanMessenger20enterCriticalSectionEv
                0x08001364        0xa ./Core/Src/f072/CanMessenger/can_messenger.o
                0x08001364                CanMessenger::enterCriticalSection()
 *fill*         0x0800136e        0x2 
 .text._ZN12CanMessenger16enqueueTxMessageERK19CAN_TxHeaderTypeDefPKhh
                0x08001370       0x90 ./Core/Src/f072/CanMessenger/can_messenger.o
                0x08001370                CanMessenger::enqueueTxMessage(CAN_TxHeaderTypeDef const&, unsigned char const*, unsigned char)
 .text._ZN12CanMessenger29enqueueRxMessageFromInterruptERK19CAN_RxHeaderTypeDefPKhh
                0x08001400       0xac ./Core/Src/f072/CanMessenger/can_messenger.o
                0x08001400                CanMessenger::enqueueRxMessageFromInterrupt(CAN_RxHeaderTypeDef const&, unsigned char const*, unsigned char)
 .text._ZN12CanMessenger16getNextRxMessageERNS_11RxQueueItemE
                0x080014ac       0x30 ./Core/Src/f072/CanMessenger/can_messenger.o
                0x080014ac                CanMessenger::getNextRxMessage(CanMessenger::RxQueueItem&)
 .text._ZN12CanMessenger20processQueueFromTickEv
                0x080014dc       0xa0 ./Core/Src/f072/CanMessenger/can_messenger.o
                0x080014dc                CanMessenger::processQueueFromTick()
 .text._ZN12CanMessenger15resetStatisticsEv
                0x0800157c       0x2c ./Core/Src/f072/CanMessenger/can_messenger.o
                0x0800157c                CanMessenger::resetStatistics()
 .text._ZN12CanMessengerC2EP7CommCanN8bluelink11ComponentIdE
                0x080015a8       0x70 ./Core/Src/f072/CanMessenger/can_messenger.o
                0x080015a8                CanMessenger::CanMessenger(CommCan*, bluelink::ComponentId)
                0x080015a8                CanMessenger::CanMessenger(CommCan*, bluelink::ComponentId)
 .text.startup._GLOBAL__sub_I__ZN12CanMessenger9tx_queue_E
                0x08001618       0x34 ./Core/Src/f072/CanMessenger/can_messenger.o
 .text._ZN7CommSpi19incrementErrorCountEv
                0x0800164c        0xc ./Core/Src/f072/CommInterface/comm_interface.o
                0x0800164c                CommSpi::incrementErrorCount()
 .text._ZN7CommSpi14handleSpiErrorEv
                0x08001658        0xe ./Core/Src/f072/CommInterface/comm_interface.o
                0x08001658                CommSpi::handleSpiError()
 .text._ZN7CommCan18clearInterruptDataEv
                0x08001666        0xc ./Core/Src/f072/CommInterface/comm_interface.o
                0x08001666                CommCan::clearInterruptData()
 *fill*         0x08001672        0x2 
 .text._ZN7CommCan17initCanPeripheralEb
                0x08001674       0x60 ./Core/Src/f072/CommInterface/comm_interface.o
                0x08001674                CommCan::initCanPeripheral(bool)
 .text._ZN7CommCan10setTxCanIdERKm
                0x080016d4       0x2e ./Core/Src/f072/CommInterface/comm_interface.o
                0x080016d4                CommCan::setTxCanId(unsigned long const&)
 .text._ZN7CommCan8setTxDlcEh
                0x08001702        0xe ./Core/Src/f072/CommInterface/comm_interface.o
                0x08001702                CommCan::setTxDlc(unsigned char)
 .text._ZN7CommCan14setTxCanIdTypeERKNS_9CanIdTypeE
                0x08001710        0x8 ./Core/Src/f072/CommInterface/comm_interface.o
                0x08001710                CommCan::setTxCanIdType(CommCan::CanIdType const&)
 .text._ZN7CommCan12setTxRtrTypeERKNS_10CanRtrTypeE
                0x08001718        0x8 ./Core/Src/f072/CommInterface/comm_interface.o
                0x08001718                CommCan::setTxRtrType(CommCan::CanRtrType const&)
 .text._ZN7CommCan19incrementErrorCountEv
                0x08001720       0x14 ./Core/Src/f072/CommInterface/comm_interface.o
                0x08001720                CommCan::incrementErrorCount()
 .text._ZN7CommCan14handleCanErrorE15InterfaceStatus
                0x08001734       0x30 ./Core/Src/f072/CommInterface/comm_interface.o
                0x08001734                CommCan::handleCanError(InterfaceStatus)
 .text._ZN7CommCan18startCanPeripheralEv
                0x08001764       0x34 ./Core/Src/f072/CommInterface/comm_interface.o
                0x08001764                CommCan::startCanPeripheral()
 .text._ZN7CommCan22startTransmitInterruptEPKht
                0x08001798       0x7c ./Core/Src/f072/CommInterface/comm_interface.o
                0x08001798                CommCan::startTransmitInterrupt(unsigned char const*, unsigned short)
 .text._ZN7CommCan6deInitEv
                0x08001814       0x40 ./Core/Src/f072/CommInterface/comm_interface.o
                0x08001814                CommCan::deInit()
 .text._ZN7CommCan18configCustomFilterEmNS_13CanFilterModeENS_14CanFilterScaleEmmmm
                0x08001854       0x48 ./Core/Src/f072/CommInterface/comm_interface.o
                0x08001854                CommCan::configCustomFilter(unsigned long, CommCan::CanFilterMode, CommCan::CanFilterScale, unsigned long, unsigned long, unsigned long, unsigned long)
 .text._ZN7CommCan21activateNotificationsEm
                0x0800189c       0x24 ./Core/Src/f072/CommInterface/comm_interface.o
                0x0800189c                CommCan::activateNotifications(unsigned long)
 .text._ZN7CommCan21abortAllTransmissionsEv
                0x080018c0       0x2c ./Core/Src/f072/CommInterface/comm_interface.o
                0x080018c0                CommCan::abortAllTransmissions()
 .text._ZN7CommCan20prepareForBootloaderEv
                0x080018ec       0x30 ./Core/Src/f072/CommInterface/comm_interface.o
                0x080018ec                CommCan::prepareForBootloader()
 .text._ZN7CommCan24handleInterruptRxMessageEv
                0x0800191c       0x78 ./Core/Src/f072/CommInterface/comm_interface.o
                0x0800191c                CommCan::handleInterruptRxMessage()
 .text._ZN7CommCan13setupTxHeaderER19CAN_TxHeaderTypeDefRKN8bluelink16J1939CanIdStructEh
                0x08001994       0x10 ./Core/Src/f072/CommInterface/comm_interface.o
                0x08001994                CommCan::setupTxHeader(CAN_TxHeaderTypeDef&, bluelink::J1939CanIdStruct const&, unsigned char)
 .text.HAL_SPI_ErrorCallback
                0x080019a4       0x14 ./Core/Src/f072/CommInterface/comm_interface.o
                0x080019a4                HAL_SPI_ErrorCallback
 .text.HAL_CAN_RxFifo0MsgPendingCallback
                0x080019b8       0x14 ./Core/Src/f072/CommInterface/comm_interface.o
                0x080019b8                HAL_CAN_RxFifo0MsgPendingCallback
 .text._ZN7CommCan19setTransmitCompleteEh
                0x080019cc       0x4c ./Core/Src/f072/CommInterface/comm_interface.o
                0x080019cc                CommCan::setTransmitComplete(unsigned char)
 .text.HAL_CAN_TxMailbox0CompleteCallback
                0x08001a18       0x18 ./Core/Src/f072/CommInterface/comm_interface.o
                0x08001a18                HAL_CAN_TxMailbox0CompleteCallback
 .text.HAL_CAN_TxMailbox1CompleteCallback
                0x08001a30       0x18 ./Core/Src/f072/CommInterface/comm_interface.o
                0x08001a30                HAL_CAN_TxMailbox1CompleteCallback
 .text.HAL_CAN_TxMailbox2CompleteCallback
                0x08001a48       0x18 ./Core/Src/f072/CommInterface/comm_interface.o
                0x08001a48                HAL_CAN_TxMailbox2CompleteCallback
 .text._ZN7CommCan21kickStartTxInterruptsEv
                0x08001a60       0x18 ./Core/Src/f072/CommInterface/comm_interface.o
                0x08001a60                CommCan::kickStartTxInterrupts()
 .text._Z15toGpioPinNumbert
                0x08001a78       0x68 ./Core/Src/f072/GpioInterface/gpio_interface.o
                0x08001a78                toGpioPinNumber(unsigned short)
 .text._ZN13GpioInterface11getGpioPortE12GpioPortType
                0x08001ae0       0x18 ./Core/Src/f072/GpioInterface/gpio_interface.o
                0x08001ae0                GpioInterface::getGpioPort(GpioPortType)
 .text._ZN13GpioInterface17createDigitalGpioEP12GPIO_TypeDeft
                0x08001af8       0x60 ./Core/Src/f072/GpioInterface/gpio_interface.o
                0x08001af8                GpioInterface::createDigitalGpio(GPIO_TypeDef*, unsigned short)
 .text._ZN13GpioInterface12digitalWriteERK7GpioPin12GpioPinState
                0x08001b58       0x26 ./Core/Src/f072/GpioInterface/gpio_interface.o
                0x08001b58                GpioInterface::digitalWrite(GpioPin const&, GpioPinState)
 *fill*         0x08001b7e        0x2 
 .text._ZN26NonVolatileMemoryInterface16writeDataToFlashEPKvj
                0x08001b80       0x68 ./Core/Src/f072/NonVolatileMemoryInterface/non_volatile_memory_interface.o
                0x08001b80                NonVolatileMemoryInterface::writeDataToFlash(void const*, unsigned int)
 .text._ZN26NonVolatileMemoryInterface32updateProgrammingStateOnMetaDataE16ProgrammingState
                0x08001be8       0x28 ./Core/Src/f072/NonVolatileMemoryInterface/non_volatile_memory_interface.o
                0x08001be8                NonVolatileMemoryInterface::updateProgrammingStateOnMetaData(ProgrammingState)
 .text._ZN15SystemInterface5delayEm
                0x08001c10        0x8 ./Core/Src/f072/SystemInterface/system_interface.o
                0x08001c10                SystemInterface::delay(unsigned long)
 .text.Reset_Handler
                0x08001c18       0x50 ./Core/Startup/startup_stm32f072c8tx.o
                0x08001c18                Reset_Handler
 .text.Default_Handler
                0x08001c68        0x2 ./Core/Startup/startup_stm32f072c8tx.o
                0x08001c68                TIM1_CC_IRQHandler
                0x08001c68                TSC_IRQHandler
                0x08001c68                ADC1_COMP_IRQHandler
                0x08001c68                I2C1_IRQHandler
                0x08001c68                RCC_CRS_IRQHandler
                0x08001c68                TIM6_DAC_IRQHandler
                0x08001c68                USART3_4_IRQHandler
                0x08001c68                EXTI2_3_IRQHandler
                0x08001c68                I2C2_IRQHandler
                0x08001c68                TIM17_IRQHandler
                0x08001c68                RTC_IRQHandler
                0x08001c68                PVD_VDDIO2_IRQHandler
                0x08001c68                DMA1_Channel4_5_6_7_IRQHandler
                0x08001c68                TIM16_IRQHandler
                0x08001c68                TIM3_IRQHandler
                0x08001c68                EXTI4_15_IRQHandler
                0x08001c68                DMA1_Channel1_IRQHandler
                0x08001c68                Default_Handler
                0x08001c68                TIM14_IRQHandler
                0x08001c68                TIM7_IRQHandler
                0x08001c68                TIM15_IRQHandler
                0x08001c68                EXTI0_1_IRQHandler
                0x08001c68                USB_IRQHandler
                0x08001c68                SPI2_IRQHandler
                0x08001c68                WWDG_IRQHandler
                0x08001c68                TIM2_IRQHandler
                0x08001c68                DMA1_Channel2_3_IRQHandler
                0x08001c68                USART2_IRQHandler
                0x08001c68                FLASH_IRQHandler
                0x08001c68                USART1_IRQHandler
                0x08001c68                TIM1_BRK_UP_TRG_COM_IRQHandler
 *fill*         0x08001c6a        0x2 
 .text.HAL_Init
                0x08001c6c       0x28 ./Drivers/STM32F0xx_HAL_Driver/Src/stm32f0xx_hal.o
                0x08001c6c                HAL_Init
 .text.HAL_InitTick
                0x08001c94       0x68 ./Drivers/STM32F0xx_HAL_Driver/Src/stm32f0xx_hal.o
                0x08001c94                HAL_InitTick
 .text.HAL_IncTick
                0x08001cfc       0x24 ./Drivers/STM32F0xx_HAL_Driver/Src/stm32f0xx_hal.o
                0x08001cfc                HAL_IncTick
 .text.HAL_GetTick
                0x08001d20       0x14 ./Drivers/STM32F0xx_HAL_Driver/Src/stm32f0xx_hal.o
                0x08001d20                HAL_GetTick
 .text.HAL_Delay
                0x08001d34       0x48 ./Drivers/STM32F0xx_HAL_Driver/Src/stm32f0xx_hal.o
                0x08001d34                HAL_Delay
 .text.HAL_CAN_Init
                0x08001d7c      0x1fc ./Drivers/STM32F0xx_HAL_Driver/Src/stm32f0xx_hal_can.o
                0x08001d7c                HAL_CAN_Init
 .text.HAL_CAN_DeInit
                0x08001f78       0x4c ./Drivers/STM32F0xx_HAL_Driver/Src/stm32f0xx_hal_can.o
                0x08001f78                HAL_CAN_DeInit
 .text.HAL_CAN_ConfigFilter
                0x08001fc4      0x1e4 ./Drivers/STM32F0xx_HAL_Driver/Src/stm32f0xx_hal_can.o
                0x08001fc4                HAL_CAN_ConfigFilter
 .text.HAL_CAN_Start
                0x080021a8       0x8c ./Drivers/STM32F0xx_HAL_Driver/Src/stm32f0xx_hal_can.o
                0x080021a8                HAL_CAN_Start
 .text.HAL_CAN_Stop
                0x08002234       0x96 ./Drivers/STM32F0xx_HAL_Driver/Src/stm32f0xx_hal_can.o
                0x08002234                HAL_CAN_Stop
 .text.HAL_CAN_AddTxMessage
                0x080022ca      0x1a4 ./Drivers/STM32F0xx_HAL_Driver/Src/stm32f0xx_hal_can.o
                0x080022ca                HAL_CAN_AddTxMessage
 .text.HAL_CAN_AbortTxRequest
                0x0800246e       0x90 ./Drivers/STM32F0xx_HAL_Driver/Src/stm32f0xx_hal_can.o
                0x0800246e                HAL_CAN_AbortTxRequest
 .text.HAL_CAN_GetRxMessage
                0x080024fe      0x256 ./Drivers/STM32F0xx_HAL_Driver/Src/stm32f0xx_hal_can.o
                0x080024fe                HAL_CAN_GetRxMessage
 .text.HAL_CAN_GetRxFifoFillLevel
                0x08002754       0x56 ./Drivers/STM32F0xx_HAL_Driver/Src/stm32f0xx_hal_can.o
                0x08002754                HAL_CAN_GetRxFifoFillLevel
 .text.HAL_CAN_ActivateNotification
                0x080027aa       0x54 ./Drivers/STM32F0xx_HAL_Driver/Src/stm32f0xx_hal_can.o
                0x080027aa                HAL_CAN_ActivateNotification
 .text.HAL_CAN_DeactivateNotification
                0x080027fe       0x56 ./Drivers/STM32F0xx_HAL_Driver/Src/stm32f0xx_hal_can.o
                0x080027fe                HAL_CAN_DeactivateNotification
 .text.HAL_CAN_IRQHandler
                0x08002854      0x368 ./Drivers/STM32F0xx_HAL_Driver/Src/stm32f0xx_hal_can.o
                0x08002854                HAL_CAN_IRQHandler
 .text.HAL_CAN_TxMailbox0AbortCallback
                0x08002bbc       0x10 ./Drivers/STM32F0xx_HAL_Driver/Src/stm32f0xx_hal_can.o
                0x08002bbc                HAL_CAN_TxMailbox0AbortCallback
 .text.HAL_CAN_TxMailbox1AbortCallback
                0x08002bcc       0x10 ./Drivers/STM32F0xx_HAL_Driver/Src/stm32f0xx_hal_can.o
                0x08002bcc                HAL_CAN_TxMailbox1AbortCallback
 .text.HAL_CAN_TxMailbox2AbortCallback
                0x08002bdc       0x10 ./Drivers/STM32F0xx_HAL_Driver/Src/stm32f0xx_hal_can.o
                0x08002bdc                HAL_CAN_TxMailbox2AbortCallback
 .text.HAL_CAN_RxFifo0FullCallback
                0x08002bec       0x10 ./Drivers/STM32F0xx_HAL_Driver/Src/stm32f0xx_hal_can.o
                0x08002bec                HAL_CAN_RxFifo0FullCallback
 .text.HAL_CAN_RxFifo1MsgPendingCallback
                0x08002bfc       0x10 ./Drivers/STM32F0xx_HAL_Driver/Src/stm32f0xx_hal_can.o
                0x08002bfc                HAL_CAN_RxFifo1MsgPendingCallback
 .text.HAL_CAN_RxFifo1FullCallback
                0x08002c0c       0x10 ./Drivers/STM32F0xx_HAL_Driver/Src/stm32f0xx_hal_can.o
                0x08002c0c                HAL_CAN_RxFifo1FullCallback
 .text.HAL_CAN_SleepCallback
                0x08002c1c       0x10 ./Drivers/STM32F0xx_HAL_Driver/Src/stm32f0xx_hal_can.o
                0x08002c1c                HAL_CAN_SleepCallback
 .text.HAL_CAN_WakeUpFromRxMsgCallback
                0x08002c2c       0x10 ./Drivers/STM32F0xx_HAL_Driver/Src/stm32f0xx_hal_can.o
                0x08002c2c                HAL_CAN_WakeUpFromRxMsgCallback
 .text.HAL_CAN_ErrorCallback
                0x08002c3c       0x10 ./Drivers/STM32F0xx_HAL_Driver/Src/stm32f0xx_hal_can.o
                0x08002c3c                HAL_CAN_ErrorCallback
 .text.__NVIC_EnableIRQ
                0x08002c4c       0x34 ./Drivers/STM32F0xx_HAL_Driver/Src/stm32f0xx_hal_cortex.o
 .text.__NVIC_DisableIRQ
                0x08002c80       0x44 ./Drivers/STM32F0xx_HAL_Driver/Src/stm32f0xx_hal_cortex.o
 .text.__NVIC_SetPriority
                0x08002cc4       0xdc ./Drivers/STM32F0xx_HAL_Driver/Src/stm32f0xx_hal_cortex.o
 .text.SysTick_Config
                0x08002da0       0x48 ./Drivers/STM32F0xx_HAL_Driver/Src/stm32f0xx_hal_cortex.o
 .text.HAL_NVIC_SetPriority
                0x08002de8       0x2a ./Drivers/STM32F0xx_HAL_Driver/Src/stm32f0xx_hal_cortex.o
                0x08002de8                HAL_NVIC_SetPriority
 .text.HAL_NVIC_EnableIRQ
                0x08002e12       0x20 ./Drivers/STM32F0xx_HAL_Driver/Src/stm32f0xx_hal_cortex.o
                0x08002e12                HAL_NVIC_EnableIRQ
 .text.HAL_NVIC_DisableIRQ
                0x08002e32       0x20 ./Drivers/STM32F0xx_HAL_Driver/Src/stm32f0xx_hal_cortex.o
                0x08002e32                HAL_NVIC_DisableIRQ
 .text.HAL_SYSTICK_Config
                0x08002e52       0x1a ./Drivers/STM32F0xx_HAL_Driver/Src/stm32f0xx_hal_cortex.o
                0x08002e52                HAL_SYSTICK_Config
 .text.HAL_DMA_Abort_IT
                0x08002e6c       0x8a ./Drivers/STM32F0xx_HAL_Driver/Src/stm32f0xx_hal_dma.o
                0x08002e6c                HAL_DMA_Abort_IT
 *fill*         0x08002ef6        0x2 
 .text.HAL_FLASH_Program
                0x08002ef8      0x12c ./Drivers/STM32F0xx_HAL_Driver/Src/stm32f0xx_hal_flash.o
                0x08002ef8                HAL_FLASH_Program
 .text.HAL_FLASH_Unlock
                0x08003024       0x4c ./Drivers/STM32F0xx_HAL_Driver/Src/stm32f0xx_hal_flash.o
                0x08003024                HAL_FLASH_Unlock
 .text.HAL_FLASH_Lock
                0x08003070       0x1c ./Drivers/STM32F0xx_HAL_Driver/Src/stm32f0xx_hal_flash.o
                0x08003070                HAL_FLASH_Lock
 .text.FLASH_Program_HalfWord
                0x0800308c       0x38 ./Drivers/STM32F0xx_HAL_Driver/Src/stm32f0xx_hal_flash.o
 .text.FLASH_WaitForLastOperation
                0x080030c4       0x80 ./Drivers/STM32F0xx_HAL_Driver/Src/stm32f0xx_hal_flash.o
                0x080030c4                FLASH_WaitForLastOperation
 .text.FLASH_SetErrorCode
                0x08003144       0x60 ./Drivers/STM32F0xx_HAL_Driver/Src/stm32f0xx_hal_flash.o
 .text.HAL_FLASHEx_Erase
                0x080031a4       0xec ./Drivers/STM32F0xx_HAL_Driver/Src/stm32f0xx_hal_flash_ex.o
                0x080031a4                HAL_FLASHEx_Erase
 .text.FLASH_MassErase
                0x08003290       0x30 ./Drivers/STM32F0xx_HAL_Driver/Src/stm32f0xx_hal_flash_ex.o
 .text.FLASH_PageErase
                0x080032c0       0x3c ./Drivers/STM32F0xx_HAL_Driver/Src/stm32f0xx_hal_flash_ex.o
                0x080032c0                FLASH_PageErase
 .text.HAL_GPIO_Init
                0x080032fc      0x2f0 ./Drivers/STM32F0xx_HAL_Driver/Src/stm32f0xx_hal_gpio.o
                0x080032fc                HAL_GPIO_Init
 .text.HAL_GPIO_DeInit
                0x080035ec      0x1b0 ./Drivers/STM32F0xx_HAL_Driver/Src/stm32f0xx_hal_gpio.o
                0x080035ec                HAL_GPIO_DeInit
 .text.HAL_GPIO_WritePin
                0x0800379c       0x3a ./Drivers/STM32F0xx_HAL_Driver/Src/stm32f0xx_hal_gpio.o
                0x0800379c                HAL_GPIO_WritePin
 *fill*         0x080037d6        0x2 
 .text.HAL_RCC_OscConfig
                0x080037d8      0x70c ./Drivers/STM32F0xx_HAL_Driver/Src/stm32f0xx_hal_rcc.o
                0x080037d8                HAL_RCC_OscConfig
 .text.HAL_RCC_ClockConfig
                0x08003ee4      0x1b4 ./Drivers/STM32F0xx_HAL_Driver/Src/stm32f0xx_hal_rcc.o
                0x08003ee4                HAL_RCC_ClockConfig
 .text.HAL_RCC_GetSysClockFreq
                0x08004098       0xe8 ./Drivers/STM32F0xx_HAL_Driver/Src/stm32f0xx_hal_rcc.o
                0x08004098                HAL_RCC_GetSysClockFreq
 .text.HAL_SPI_Init
                0x08004180      0x170 ./Drivers/STM32F0xx_HAL_Driver/Src/stm32f0xx_hal_spi.o
                0x08004180                HAL_SPI_Init
 .text.HAL_SPI_IRQHandler
                0x080042f0      0x1fc ./Drivers/STM32F0xx_HAL_Driver/Src/stm32f0xx_hal_spi.o
                0x080042f0                HAL_SPI_IRQHandler
 .text.SPI_DMAAbortOnError
                0x080044ec       0x2c ./Drivers/STM32F0xx_HAL_Driver/Src/stm32f0xx_hal_spi.o
 .text._Znwj    0x08004518       0x24 /home/matan/.eclipse/com.st.stm32cube.ide.mcu.rcp.product_1.16.0_139065174_linux_gtk_x86_64/plugins/com.st.stm32cube.ide.mcu.externaltools.gnu-tools-for-stm32.13.3.rel1.linux64_1.0.0.202410170706/tools/bin/../lib/gcc/arm-none-eabi/13.3.1/../../../../arm-none-eabi/lib/thumb/v6-m/nofp/libstdc++_nano.a(new_op.o)
                0x08004518                operator new(unsigned int)
 .text._ZSt15get_new_handlerv
                0x0800453c        0xc /home/matan/.eclipse/com.st.stm32cube.ide.mcu.rcp.product_1.16.0_139065174_linux_gtk_x86_64/plugins/com.st.stm32cube.ide.mcu.externaltools.gnu-tools-for-stm32.13.3.rel1.linux64_1.0.0.202410170706/tools/bin/../lib/gcc/arm-none-eabi/13.3.1/../../../../arm-none-eabi/lib/thumb/v6-m/nofp/libstdc++_nano.a(new_handler.o)
                0x0800453c                std::get_new_handler()
 .text.abort    0x08004548        0xe /home/matan/.eclipse/com.st.stm32cube.ide.mcu.rcp.product_1.16.0_139065174_linux_gtk_x86_64/plugins/com.st.stm32cube.ide.mcu.externaltools.gnu-tools-for-stm32.13.3.rel1.linux64_1.0.0.202410170706/tools/bin/../lib/gcc/arm-none-eabi/13.3.1/../../../../arm-none-eabi/lib/thumb/v6-m/nofp/libc_nano.a(libc_a-abort.o)
                0x08004548                abort
 *fill*         0x08004556        0x2 
 .text.malloc   0x08004558       0x14 /home/matan/.eclipse/com.st.stm32cube.ide.mcu.rcp.product_1.16.0_139065174_linux_gtk_x86_64/plugins/com.st.stm32cube.ide.mcu.externaltools.gnu-tools-for-stm32.13.3.rel1.linux64_1.0.0.202410170706/tools/bin/../lib/gcc/arm-none-eabi/13.3.1/../../../../arm-none-eabi/lib/thumb/v6-m/nofp/libc_nano.a(libc_a-malloc.o)
                0x08004558                malloc
 .text.sbrk_aligned
                0x0800456c       0x44 /home/matan/.eclipse/com.st.stm32cube.ide.mcu.rcp.product_1.16.0_139065174_linux_gtk_x86_64/plugins/com.st.stm32cube.ide.mcu.externaltools.gnu-tools-for-stm32.13.3.rel1.linux64_1.0.0.202410170706/tools/bin/../lib/gcc/arm-none-eabi/13.3.1/../../../../arm-none-eabi/lib/thumb/v6-m/nofp/libc_nano.a(libc_a-mallocr.o)
 .text._malloc_r
                0x080045b0      0x100 /home/matan/.eclipse/com.st.stm32cube.ide.mcu.rcp.product_1.16.0_139065174_linux_gtk_x86_64/plugins/com.st.stm32cube.ide.mcu.externaltools.gnu-tools-for-stm32.13.3.rel1.linux64_1.0.0.202410170706/tools/bin/../lib/gcc/arm-none-eabi/13.3.1/../../../../arm-none-eabi/lib/thumb/v6-m/nofp/libc_nano.a(libc_a-mallocr.o)
                0x080045b0                _malloc_r
 .text.__malloc_lock
                0x080046b0       0x10 /home/matan/.eclipse/com.st.stm32cube.ide.mcu.rcp.product_1.16.0_139065174_linux_gtk_x86_64/plugins/com.st.stm32cube.ide.mcu.externaltools.gnu-tools-for-stm32.13.3.rel1.linux64_1.0.0.202410170706/tools/bin/../lib/gcc/arm-none-eabi/13.3.1/../../../../arm-none-eabi/lib/thumb/v6-m/nofp/libc_nano.a(libc_a-mlock.o)
                0x080046b0                __malloc_lock
 .text.__malloc_unlock
                0x080046c0       0x10 /home/matan/.eclipse/com.st.stm32cube.ide.mcu.rcp.product_1.16.0_139065174_linux_gtk_x86_64/plugins/com.st.stm32cube.ide.mcu.externaltools.gnu-tools-for-stm32.13.3.rel1.linux64_1.0.0.202410170706/tools/bin/../lib/gcc/arm-none-eabi/13.3.1/../../../../arm-none-eabi/lib/thumb/v6-m/nofp/libc_nano.a(libc_a-mlock.o)
                0x080046c0                __malloc_unlock
 .text.memset   0x080046d0       0x10 /home/matan/.eclipse/com.st.stm32cube.ide.mcu.rcp.product_1.16.0_139065174_linux_gtk_x86_64/plugins/com.st.stm32cube.ide.mcu.externaltools.gnu-tools-for-stm32.13.3.rel1.linux64_1.0.0.202410170706/tools/bin/../lib/gcc/arm-none-eabi/13.3.1/../../../../arm-none-eabi/lib/thumb/v6-m/nofp/libc_nano.a(libc_a-memset.o)
                0x080046d0                memset
 .text._raise_r
                0x080046e0       0x52 /home/matan/.eclipse/com.st.stm32cube.ide.mcu.rcp.product_1.16.0_139065174_linux_gtk_x86_64/plugins/com.st.stm32cube.ide.mcu.externaltools.gnu-tools-for-stm32.13.3.rel1.linux64_1.0.0.202410170706/tools/bin/../lib/gcc/arm-none-eabi/13.3.1/../../../../arm-none-eabi/lib/thumb/v6-m/nofp/libc_nano.a(libc_a-signal.o)
                0x080046e0                _raise_r
 *fill*         0x08004732        0x2 
 .text.raise    0x08004734       0x14 /home/matan/.eclipse/com.st.stm32cube.ide.mcu.rcp.product_1.16.0_139065174_linux_gtk_x86_64/plugins/com.st.stm32cube.ide.mcu.externaltools.gnu-tools-for-stm32.13.3.rel1.linux64_1.0.0.202410170706/tools/bin/../lib/gcc/arm-none-eabi/13.3.1/../../../../arm-none-eabi/lib/thumb/v6-m/nofp/libc_nano.a(libc_a-signal.o)
                0x08004734                raise
 .text._kill_r  0x08004748       0x24 /home/matan/.eclipse/com.st.stm32cube.ide.mcu.rcp.product_1.16.0_139065174_linux_gtk_x86_64/plugins/com.st.stm32cube.ide.mcu.externaltools.gnu-tools-for-stm32.13.3.rel1.linux64_1.0.0.202410170706/tools/bin/../lib/gcc/arm-none-eabi/13.3.1/../../../../arm-none-eabi/lib/thumb/v6-m/nofp/libc_nano.a(libc_a-signalr.o)
                0x08004748                _kill_r
 .text._getpid_r
                0x0800476c        0x8 /home/matan/.eclipse/com.st.stm32cube.ide.mcu.rcp.product_1.16.0_139065174_linux_gtk_x86_64/plugins/com.st.stm32cube.ide.mcu.externaltools.gnu-tools-for-stm32.13.3.rel1.linux64_1.0.0.202410170706/tools/bin/../lib/gcc/arm-none-eabi/13.3.1/../../../../arm-none-eabi/lib/thumb/v6-m/nofp/libc_nano.a(libc_a-signalr.o)
                0x0800476c                _getpid_r
 .text._sbrk_r  0x08004774       0x24 /home/matan/.eclipse/com.st.stm32cube.ide.mcu.rcp.product_1.16.0_139065174_linux_gtk_x86_64/plugins/com.st.stm32cube.ide.mcu.externaltools.gnu-tools-for-stm32.13.3.rel1.linux64_1.0.0.202410170706/tools/bin/../lib/gcc/arm-none-eabi/13.3.1/../../../../arm-none-eabi/lib/thumb/v6-m/nofp/libc_nano.a(libc_a-sbrkr.o)
                0x08004774                _sbrk_r
 .text.__errno  0x08004798        0xc /home/matan/.eclipse/com.st.stm32cube.ide.mcu.rcp.product_1.16.0_139065174_linux_gtk_x86_64/plugins/com.st.stm32cube.ide.mcu.externaltools.gnu-tools-for-stm32.13.3.rel1.linux64_1.0.0.202410170706/tools/bin/../lib/gcc/arm-none-eabi/13.3.1/../../../../arm-none-eabi/lib/thumb/v6-m/nofp/libc_nano.a(libc_a-errno.o)
                0x08004798                __errno
 .text.__libc_init_array
                0x080047a4       0x48 /home/matan/.eclipse/com.st.stm32cube.ide.mcu.rcp.product_1.16.0_139065174_linux_gtk_x86_64/plugins/com.st.stm32cube.ide.mcu.externaltools.gnu-tools-for-stm32.13.3.rel1.linux64_1.0.0.202410170706/tools/bin/../lib/gcc/arm-none-eabi/13.3.1/../../../../arm-none-eabi/lib/thumb/v6-m/nofp/libc_nano.a(libc_a-init.o)
                0x080047a4                __libc_init_array
 .text.__retarget_lock_acquire_recursive
                0x080047ec        0x2 /home/matan/.eclipse/com.st.stm32cube.ide.mcu.rcp.product_1.16.0_139065174_linux_gtk_x86_64/plugins/com.st.stm32cube.ide.mcu.externaltools.gnu-tools-for-stm32.13.3.rel1.linux64_1.0.0.202410170706/tools/bin/../lib/gcc/arm-none-eabi/13.3.1/../../../../arm-none-eabi/lib/thumb/v6-m/nofp/libc_nano.a(libc_a-lock.o)
                0x080047ec                __retarget_lock_acquire_recursive
 .text.__retarget_lock_release_recursive
                0x080047ee        0x2 /home/matan/.eclipse/com.st.stm32cube.ide.mcu.rcp.product_1.16.0_139065174_linux_gtk_x86_64/plugins/com.st.stm32cube.ide.mcu.externaltools.gnu-tools-for-stm32.13.3.rel1.linux64_1.0.0.202410170706/tools/bin/../lib/gcc/arm-none-eabi/13.3.1/../../../../arm-none-eabi/lib/thumb/v6-m/nofp/libc_nano.a(libc_a-lock.o)
                0x080047ee                __retarget_lock_release_recursive
 .text.memcpy   0x080047f0       0x12 /home/matan/.eclipse/com.st.stm32cube.ide.mcu.rcp.product_1.16.0_139065174_linux_gtk_x86_64/plugins/com.st.stm32cube.ide.mcu.externaltools.gnu-tools-for-stm32.13.3.rel1.linux64_1.0.0.202410170706/tools/bin/../lib/gcc/arm-none-eabi/13.3.1/../../../../arm-none-eabi/lib/thumb/v6-m/nofp/libc_nano.a(libc_a-memcpy-stub.o)
                0x080047f0                memcpy
 *(.glue_7)
 .glue_7        0x08004802        0x0 linker stubs
 *(.glue_7t)
 .glue_7t       0x08004802        0x0 linker stubs
 *(.eh_frame)
 *fill*         0x08004802        0x2 
 .eh_frame      0x08004804        0x0 /home/matan/.eclipse/com.st.stm32cube.ide.mcu.rcp.product_1.16.0_139065174_linux_gtk_x86_64/plugins/com.st.stm32cube.ide.mcu.externaltools.gnu-tools-for-stm32.13.3.rel1.linux64_1.0.0.202410170706/tools/bin/../lib/gcc/arm-none-eabi/13.3.1/thumb/v6-m/nofp/crtbegin.o
 *(.init)
 .init          0x08004804        0x4 /home/matan/.eclipse/com.st.stm32cube.ide.mcu.rcp.product_1.16.0_139065174_linux_gtk_x86_64/plugins/com.st.stm32cube.ide.mcu.externaltools.gnu-tools-for-stm32.13.3.rel1.linux64_1.0.0.202410170706/tools/bin/../lib/gcc/arm-none-eabi/13.3.1/thumb/v6-m/nofp/crti.o
                0x08004804                _init
 .init          0x08004808        0x8 /home/matan/.eclipse/com.st.stm32cube.ide.mcu.rcp.product_1.16.0_139065174_linux_gtk_x86_64/plugins/com.st.stm32cube.ide.mcu.externaltools.gnu-tools-for-stm32.13.3.rel1.linux64_1.0.0.202410170706/tools/bin/../lib/gcc/arm-none-eabi/13.3.1/thumb/v6-m/nofp/crtn.o
 *(.fini)
 .fini          0x08004810        0x4 /home/matan/.eclipse/com.st.stm32cube.ide.mcu.rcp.product_1.16.0_139065174_linux_gtk_x86_64/plugins/com.st.stm32cube.ide.mcu.externaltools.gnu-tools-for-stm32.13.3.rel1.linux64_1.0.0.202410170706/tools/bin/../lib/gcc/arm-none-eabi/13.3.1/thumb/v6-m/nofp/crti.o
                0x08004810                _fini
 .fini          0x08004814        0x8 /home/matan/.eclipse/com.st.stm32cube.ide.mcu.rcp.product_1.16.0_139065174_linux_gtk_x86_64/plugins/com.st.stm32cube.ide.mcu.externaltools.gnu-tools-for-stm32.13.3.rel1.linux64_1.0.0.202410170706/tools/bin/../lib/gcc/arm-none-eabi/13.3.1/thumb/v6-m/nofp/crtn.o
                0x0800481c                        . = ALIGN (0x4)
                0x0800481c                        _etext = .

.vfp11_veneer   0x0800481c        0x0
 .vfp11_veneer  0x0800481c        0x0 linker stubs

.v4_bx          0x0800481c        0x0
 .v4_bx         0x0800481c        0x0 linker stubs

.iplt           0x0800481c        0x0
 .iplt          0x0800481c        0x0 /home/matan/.eclipse/com.st.stm32cube.ide.mcu.rcp.product_1.16.0_139065174_linux_gtk_x86_64/plugins/com.st.stm32cube.ide.mcu.externaltools.gnu-tools-for-stm32.13.3.rel1.linux64_1.0.0.202410170706/tools/bin/../lib/gcc/arm-none-eabi/13.3.1/thumb/v6-m/nofp/crtbegin.o

.rodata         0x0800481c       0xc4
                0x0800481c                        . = ALIGN (0x4)
 *(.rodata)
 .rodata        0x0800481c       0x35 ./Core/Src/f072/NonVolatileMemoryInterface/non_volatile_memory_interface.o
 *(.rodata*)
 *fill*         0x08004851        0x3 
 .rodata.AHBPrescTable
                0x08004854       0x10 ./Core/Src/system_stm32f0xx.o
                0x08004854                AHBPrescTable
 .rodata.CSWTCH.95
                0x08004864       0x1c ./Core/Src/f072/CanMessenger/can_messenger.o
 .rodata.CSWTCH.93
                0x08004880       0x2b ./Core/Src/f072/CanMessenger/can_messenger.o
 *fill*         0x080048ab        0x1 
 .rodata._ZTV7CommCan
                0x080048ac       0x14 ./Core/Src/f072/CommInterface/comm_interface.o
                0x080048ac                vtable for CommCan
 .rodata.aPLLMULFactorTable.1
                0x080048c0       0x10 ./Drivers/STM32F0xx_HAL_Driver/Src/stm32f0xx_hal_rcc.o
 .rodata.aPredivFactorTable.0
                0x080048d0       0x10 ./Drivers/STM32F0xx_HAL_Driver/Src/stm32f0xx_hal_rcc.o
                0x080048e0                        . = ALIGN (0x4)

.ARM.extab      0x080048e0        0x0
                0x080048e0                        . = ALIGN (0x4)
 *(.ARM.extab* .gnu.linkonce.armextab.*)
                0x080048e0                        . = ALIGN (0x4)

.ARM            0x080048e0        0x0
                0x080048e0                        . = ALIGN (0x4)
                0x080048e0                        __exidx_start = .
 *(.ARM.exidx*)
                0x080048e0                        __exidx_end = .
                0x080048e0                        . = ALIGN (0x4)

.preinit_array  0x080048e0        0x0
                0x080048e0                        . = ALIGN (0x4)
                0x080048e0                        PROVIDE (__preinit_array_start = .)
 *(.preinit_array*)
                0x080048e0                        PROVIDE (__preinit_array_end = .)
                0x080048e0                        . = ALIGN (0x4)

.init_array     0x080048e0        0x8
                0x080048e0                        . = ALIGN (0x4)
                0x080048e0                        PROVIDE (__init_array_start = .)
 *(SORT_BY_NAME(.init_array.*))
 *(.init_array*)
 .init_array    0x080048e0        0x4 /home/matan/.eclipse/com.st.stm32cube.ide.mcu.rcp.product_1.16.0_139065174_linux_gtk_x86_64/plugins/com.st.stm32cube.ide.mcu.externaltools.gnu-tools-for-stm32.13.3.rel1.linux64_1.0.0.202410170706/tools/bin/../lib/gcc/arm-none-eabi/13.3.1/thumb/v6-m/nofp/crtbegin.o
 .init_array    0x080048e4        0x4 ./Core/Src/f072/CanMessenger/can_messenger.o
                0x080048e8                        PROVIDE (__init_array_end = .)
                0x080048e8                        . = ALIGN (0x4)

.fini_array     0x080048e8        0x4
                0x080048e8                        . = ALIGN (0x4)
                [!provide]                        PROVIDE (__fini_array_start = .)
 *(SORT_BY_NAME(.fini_array.*))
 *(.fini_array*)
 .fini_array    0x080048e8        0x4 /home/matan/.eclipse/com.st.stm32cube.ide.mcu.rcp.product_1.16.0_139065174_linux_gtk_x86_64/plugins/com.st.stm32cube.ide.mcu.externaltools.gnu-tools-for-stm32.13.3.rel1.linux64_1.0.0.202410170706/tools/bin/../lib/gcc/arm-none-eabi/13.3.1/thumb/v6-m/nofp/crtbegin.o
                [!provide]                        PROVIDE (__fini_array_end = .)
                0x080048ec                        . = ALIGN (0x4)
                0x080048ec                        _sidata = LOADADDR (.data)

.rel.dyn        0x080048ec        0x0
 .rel.iplt      0x080048ec        0x0 /home/matan/.eclipse/com.st.stm32cube.ide.mcu.rcp.product_1.16.0_139065174_linux_gtk_x86_64/plugins/com.st.stm32cube.ide.mcu.externaltools.gnu-tools-for-stm32.13.3.rel1.linux64_1.0.0.202410170706/tools/bin/../lib/gcc/arm-none-eabi/13.3.1/thumb/v6-m/nofp/crtbegin.o

.data           0x20000000       0x60 load address 0x080048ec
                0x20000000                        . = ALIGN (0x4)
                0x20000000                        _sdata = .
 *(.data)
 *(.data*)
 .data._ZN14BootloaderMain18can_transmit_flag_E
                0x20000000        0x1 ./Core/Src/bootloader_main.o
                0x20000000                BootloaderMain::can_transmit_flag_
 *fill*         0x20000001        0x3 
 .data.SystemCoreClock
                0x20000004        0x4 ./Core/Src/system_stm32f0xx.o
                0x20000004                SystemCoreClock
 .data.uwTickPrio
                0x20000008        0x4 ./Drivers/STM32F0xx_HAL_Driver/Src/stm32f0xx_hal.o
                0x20000008                uwTickPrio
 .data.uwTickFreq
                0x2000000c        0x1 ./Drivers/STM32F0xx_HAL_Driver/Src/stm32f0xx_hal.o
                0x2000000c                uwTickFreq
 *fill*         0x2000000d        0x3 
 .data._impure_ptr
                0x20000010        0x4 /home/matan/.eclipse/com.st.stm32cube.ide.mcu.rcp.product_1.16.0_139065174_linux_gtk_x86_64/plugins/com.st.stm32cube.ide.mcu.externaltools.gnu-tools-for-stm32.13.3.rel1.linux64_1.0.0.202410170706/tools/bin/../lib/gcc/arm-none-eabi/13.3.1/../../../../arm-none-eabi/lib/thumb/v6-m/nofp/libc_nano.a(libc_a-impure.o)
                0x20000010                _impure_ptr
 .data._impure_data
                0x20000014       0x4c /home/matan/.eclipse/com.st.stm32cube.ide.mcu.rcp.product_1.16.0_139065174_linux_gtk_x86_64/plugins/com.st.stm32cube.ide.mcu.externaltools.gnu-tools-for-stm32.13.3.rel1.linux64_1.0.0.202410170706/tools/bin/../lib/gcc/arm-none-eabi/13.3.1/../../../../arm-none-eabi/lib/thumb/v6-m/nofp/libc_nano.a(libc_a-impure.o)
                0x20000014                _impure_data
 *(.RamFunc)
 *(.RamFunc*)
                0x20000060                        . = ALIGN (0x4)
                0x20000060                        _edata = .

.igot.plt       0x20000060        0x0 load address 0x0800494c
 .igot.plt      0x20000060        0x0 /home/matan/.eclipse/com.st.stm32cube.ide.mcu.rcp.product_1.16.0_139065174_linux_gtk_x86_64/plugins/com.st.stm32cube.ide.mcu.externaltools.gnu-tools-for-stm32.13.3.rel1.linux64_1.0.0.202410170706/tools/bin/../lib/gcc/arm-none-eabi/13.3.1/thumb/v6-m/nofp/crtbegin.o
                0x20000060                        . = ALIGN (0x4)

.bss            0x20000060      0x6e4 load address 0x0800494c
                0x20000060                        _sbss = .
                0x20000060                        __bss_start__ = _sbss
 *(.bss)
 .bss           0x20000060       0x1c /home/matan/.eclipse/com.st.stm32cube.ide.mcu.rcp.product_1.16.0_139065174_linux_gtk_x86_64/plugins/com.st.stm32cube.ide.mcu.externaltools.gnu-tools-for-stm32.13.3.rel1.linux64_1.0.0.202410170706/tools/bin/../lib/gcc/arm-none-eabi/13.3.1/thumb/v6-m/nofp/crtbegin.o
 *(.bss*)
 .bss._ZZN14BootloaderMain25requestProgrammingFromHLCEvE17last_request_time
                0x2000007c        0x4 ./Core/Src/bootloader_main.o
 .bss._ZN14BootloaderMain19interrupt_instance_E
                0x20000080        0x4 ./Core/Src/bootloader_main.o
                0x20000080                BootloaderMain::interrupt_instance_
 .bss._ZN14BootloaderMain17can_receive_size_E
                0x20000084        0x2 ./Core/Src/bootloader_main.o
                0x20000084                BootloaderMain::can_receive_size_
 *fill*         0x20000086        0x2 
 .bss.hspi1     0x20000088       0x64 ./Core/Src/main.o
                0x20000088                hspi1
 .bss.hcan      0x200000ec       0x28 ./Core/Src/main.o
                0x200000ec                hcan
 .bss.__sbrk_heap_end
                0x20000114        0x4 ./Core/Src/sysmem.o
 .bss._ZN12CanMessenger6stats_E
                0x20000118       0x28 ./Core/Src/f072/CanMessenger/can_messenger.o
                0x20000118                CanMessenger::stats_
 .bss._ZN12CanMessenger15rx_queue_count_E
                0x20000140        0x1 ./Core/Src/f072/CanMessenger/can_messenger.o
                0x20000140                CanMessenger::rx_queue_count_
 .bss._ZN12CanMessenger14rx_queue_tail_E
                0x20000141        0x1 ./Core/Src/f072/CanMessenger/can_messenger.o
                0x20000141                CanMessenger::rx_queue_tail_
 .bss._ZN12CanMessenger14rx_queue_head_E
                0x20000142        0x1 ./Core/Src/f072/CanMessenger/can_messenger.o
                0x20000142                CanMessenger::rx_queue_head_
 *fill*         0x20000143        0x1 
 .bss._ZN12CanMessenger9rx_queue_E
                0x20000144      0x1c0 ./Core/Src/f072/CanMessenger/can_messenger.o
                0x20000144                CanMessenger::rx_queue_
 .bss._ZN12CanMessenger15tx_queue_count_E
                0x20000304        0x1 ./Core/Src/f072/CanMessenger/can_messenger.o
                0x20000304                CanMessenger::tx_queue_count_
 .bss._ZN12CanMessenger14tx_queue_tail_E
                0x20000305        0x1 ./Core/Src/f072/CanMessenger/can_messenger.o
                0x20000305                CanMessenger::tx_queue_tail_
 .bss._ZN12CanMessenger14tx_queue_head_E
                0x20000306        0x1 ./Core/Src/f072/CanMessenger/can_messenger.o
                0x20000306                CanMessenger::tx_queue_head_
 *fill*         0x20000307        0x1 
 .bss._ZN12CanMessenger9tx_queue_E
                0x20000308      0x280 ./Core/Src/f072/CanMessenger/can_messenger.o
                0x20000308                CanMessenger::tx_queue_
 .bss._ZN7CommCan20rx_message_callback_E
                0x20000588        0x4 ./Core/Src/f072/CommInterface/comm_interface.o
                0x20000588                CommCan::rx_message_callback_
 .bss._ZN7CommCan21tx_complete_callback_E
                0x2000058c        0x4 ./Core/Src/f072/CommInterface/comm_interface.o
                0x2000058c                CommCan::tx_complete_callback_
 .bss._ZN7CommCan17tx_timeout_start_E
                0x20000590        0x4 ./Core/Src/f072/CommInterface/comm_interface.o
                0x20000590                CommCan::tx_timeout_start_
 .bss._ZN7CommCan23pending_tx_completions_E
                0x20000594        0x4 ./Core/Src/f072/CommInterface/comm_interface.o
                0x20000594                CommCan::pending_tx_completions_
 .bss._ZN7CommCan20active_tx_mailboxes_E
                0x20000598        0x4 ./Core/Src/f072/CommInterface/comm_interface.o
                0x20000598                CommCan::active_tx_mailboxes_
 .bss._ZN7CommCan13can_instance_E
                0x2000059c        0x4 ./Core/Src/f072/CommInterface/comm_interface.o
                0x2000059c                CommCan::can_instance_
 .bss._ZN7CommCan16last_error_time_E
                0x200005a0        0x4 ./Core/Src/f072/CommInterface/comm_interface.o
                0x200005a0                CommCan::last_error_time_
 .bss._ZN7CommCan24consecutive_error_count_E
                0x200005a4        0x1 ./Core/Src/f072/CommInterface/comm_interface.o
                0x200005a4                CommCan::consecutive_error_count_
 *fill*         0x200005a5        0x3 
 .bss._ZN7CommCan10can_state_E
                0x200005a8        0x4 ./Core/Src/f072/CommInterface/comm_interface.o
                0x200005a8                CommCan::can_state_
 .bss._ZN7CommCan20interrupt_rx_buffer_E
                0x200005ac        0x8 ./Core/Src/f072/CommInterface/comm_interface.o
                0x200005ac                CommCan::interrupt_rx_buffer_
 .bss._ZN7CommCan20interrupt_rx_header_E
                0x200005b4       0x1c ./Core/Src/f072/CommInterface/comm_interface.o
                0x200005b4                CommCan::interrupt_rx_header_
 .bss._ZN7CommSpi13spi_instance_E
                0x200005d0        0x4 ./Core/Src/f072/CommInterface/comm_interface.o
                0x200005d0                CommSpi::spi_instance_
 .bss.uwTick    0x200005d4        0x4 ./Drivers/STM32F0xx_HAL_Driver/Src/stm32f0xx_hal.o
                0x200005d4                uwTick
 .bss.pFlash    0x200005d8       0x20 ./Drivers/STM32F0xx_HAL_Driver/Src/stm32f0xx_hal_flash.o
                0x200005d8                pFlash
 .bss._ZN12_GLOBAL__N_113__new_handlerE
                0x200005f8        0x4 /home/matan/.eclipse/com.st.stm32cube.ide.mcu.rcp.product_1.16.0_139065174_linux_gtk_x86_64/plugins/com.st.stm32cube.ide.mcu.externaltools.gnu-tools-for-stm32.13.3.rel1.linux64_1.0.0.202410170706/tools/bin/../lib/gcc/arm-none-eabi/13.3.1/../../../../arm-none-eabi/lib/thumb/v6-m/nofp/libstdc++_nano.a(new_handler.o)
 .bss.__malloc_sbrk_start
                0x200005fc        0x4 /home/matan/.eclipse/com.st.stm32cube.ide.mcu.rcp.product_1.16.0_139065174_linux_gtk_x86_64/plugins/com.st.stm32cube.ide.mcu.externaltools.gnu-tools-for-stm32.13.3.rel1.linux64_1.0.0.202410170706/tools/bin/../lib/gcc/arm-none-eabi/13.3.1/../../../../arm-none-eabi/lib/thumb/v6-m/nofp/libc_nano.a(libc_a-mallocr.o)
                0x200005fc                __malloc_sbrk_start
 .bss.__malloc_free_list
                0x20000600        0x4 /home/matan/.eclipse/com.st.stm32cube.ide.mcu.rcp.product_1.16.0_139065174_linux_gtk_x86_64/plugins/com.st.stm32cube.ide.mcu.externaltools.gnu-tools-for-stm32.13.3.rel1.linux64_1.0.0.202410170706/tools/bin/../lib/gcc/arm-none-eabi/13.3.1/../../../../arm-none-eabi/lib/thumb/v6-m/nofp/libc_nano.a(libc_a-mallocr.o)
                0x20000600                __malloc_free_list
 .bss.__sf      0x20000604      0x138 /home/matan/.eclipse/com.st.stm32cube.ide.mcu.rcp.product_1.16.0_139065174_linux_gtk_x86_64/plugins/com.st.stm32cube.ide.mcu.externaltools.gnu-tools-for-stm32.13.3.rel1.linux64_1.0.0.202410170706/tools/bin/../lib/gcc/arm-none-eabi/13.3.1/../../../../arm-none-eabi/lib/thumb/v6-m/nofp/libc_nano.a(libc_a-findfp.o)
                0x20000604                __sf
 .bss.errno     0x2000073c        0x4 /home/matan/.eclipse/com.st.stm32cube.ide.mcu.rcp.product_1.16.0_139065174_linux_gtk_x86_64/plugins/com.st.stm32cube.ide.mcu.externaltools.gnu-tools-for-stm32.13.3.rel1.linux64_1.0.0.202410170706/tools/bin/../lib/gcc/arm-none-eabi/13.3.1/../../../../arm-none-eabi/lib/thumb/v6-m/nofp/libc_nano.a(libc_a-reent.o)
                0x2000073c                errno
 .bss.__lock___malloc_recursive_mutex
                0x20000740        0x1 /home/matan/.eclipse/com.st.stm32cube.ide.mcu.rcp.product_1.16.0_139065174_linux_gtk_x86_64/plugins/com.st.stm32cube.ide.mcu.externaltools.gnu-tools-for-stm32.13.3.rel1.linux64_1.0.0.202410170706/tools/bin/../lib/gcc/arm-none-eabi/13.3.1/../../../../arm-none-eabi/lib/thumb/v6-m/nofp/libc_nano.a(libc_a-lock.o)
                0x20000740                __lock___malloc_recursive_mutex
 *(COMMON)
                0x20000744                        . = ALIGN (0x4)
 *fill*         0x20000741        0x3 
                0x20000744                        _ebss = .
                0x20000744                        __bss_end__ = _ebss

._user_heap_stack
                0x20000744      0x604 load address 0x0800494c
                0x20000748                        . = ALIGN (0x8)
 *fill*         0x20000744        0x4 
                [!provide]                        PROVIDE (end = .)
                0x20000748                        PROVIDE (_end = .)
                0x20000948                        . = (. + _Min_Heap_Size)
 *fill*         0x20000748      0x200 
                0x20000d48                        . = (. + _Min_Stack_Size)
 *fill*         0x20000948      0x400 
                0x20000d48                        . = ALIGN (0x8)

/DISCARD/
 libc.a(*)
 libm.a(*)
 libgcc.a(*)

.ARM.attributes
                0x00000000       0x28
 *(.ARM.attributes)
 .ARM.attributes
                0x00000000       0x1e /home/matan/.eclipse/com.st.stm32cube.ide.mcu.rcp.product_1.16.0_139065174_linux_gtk_x86_64/plugins/com.st.stm32cube.ide.mcu.externaltools.gnu-tools-for-stm32.13.3.rel1.linux64_1.0.0.202410170706/tools/bin/../lib/gcc/arm-none-eabi/13.3.1/thumb/v6-m/nofp/crti.o
 .ARM.attributes
                0x0000001e       0x2c /home/matan/.eclipse/com.st.stm32cube.ide.mcu.rcp.product_1.16.0_139065174_linux_gtk_x86_64/plugins/com.st.stm32cube.ide.mcu.externaltools.gnu-tools-for-stm32.13.3.rel1.linux64_1.0.0.202410170706/tools/bin/../lib/gcc/arm-none-eabi/13.3.1/thumb/v6-m/nofp/crtbegin.o
 .ARM.attributes
                0x0000004a       0x2c ./Core/Src/bootloader_main.o
 .ARM.attributes
                0x00000076       0x2c ./Core/Src/main.o
 .ARM.attributes
                0x000000a2       0x2c ./Core/Src/stm32f0xx_hal_msp.o
 .ARM.attributes
                0x000000ce       0x2c ./Core/Src/stm32f0xx_it.o
 .ARM.attributes
                0x000000fa       0x2c ./Core/Src/syscalls.o
 .ARM.attributes
                0x00000126       0x2c ./Core/Src/sysmem.o
 .ARM.attributes
                0x00000152       0x2c ./Core/Src/system_stm32f0xx.o
 .ARM.attributes
                0x0000017e       0x2c ./Core/Src/f072/CanMessenger/can_messenger.o
 .ARM.attributes
                0x000001aa       0x2c ./Core/Src/f072/CommInterface/comm_interface.o
 .ARM.attributes
                0x000001d6       0x2c ./Core/Src/f072/GpioInterface/gpio_interface.o
 .ARM.attributes
                0x00000202       0x2c ./Core/Src/f072/NonVolatileMemoryInterface/non_volatile_memory_interface.o
 .ARM.attributes
                0x0000022e       0x2c ./Core/Src/f072/SystemInterface/system_interface.o
 .ARM.attributes
                0x0000025a       0x21 ./Core/Startup/startup_stm32f072c8tx.o
 .ARM.attributes
                0x0000027b       0x2c ./Drivers/STM32F0xx_HAL_Driver/Src/stm32f0xx_hal.o
 .ARM.attributes
                0x000002a7       0x2c ./Drivers/STM32F0xx_HAL_Driver/Src/stm32f0xx_hal_can.o
 .ARM.attributes
                0x000002d3       0x2c ./Drivers/STM32F0xx_HAL_Driver/Src/stm32f0xx_hal_cortex.o
 .ARM.attributes
                0x000002ff       0x2c ./Drivers/STM32F0xx_HAL_Driver/Src/stm32f0xx_hal_dma.o
 .ARM.attributes
                0x0000032b       0x2c ./Drivers/STM32F0xx_HAL_Driver/Src/stm32f0xx_hal_flash.o
 .ARM.attributes
                0x00000357       0x2c ./Drivers/STM32F0xx_HAL_Driver/Src/stm32f0xx_hal_flash_ex.o
 .ARM.attributes
                0x00000383       0x2c ./Drivers/STM32F0xx_HAL_Driver/Src/stm32f0xx_hal_gpio.o
 .ARM.attributes
                0x000003af       0x2c ./Drivers/STM32F0xx_HAL_Driver/Src/stm32f0xx_hal_rcc.o
 .ARM.attributes
                0x000003db       0x2c ./Drivers/STM32F0xx_HAL_Driver/Src/stm32f0xx_hal_spi.o
 .ARM.attributes
                0x00000407       0x2c /home/matan/.eclipse/com.st.stm32cube.ide.mcu.rcp.product_1.16.0_139065174_linux_gtk_x86_64/plugins/com.st.stm32cube.ide.mcu.externaltools.gnu-tools-for-stm32.13.3.rel1.linux64_1.0.0.202410170706/tools/bin/../lib/gcc/arm-none-eabi/13.3.1/../../../../arm-none-eabi/lib/thumb/v6-m/nofp/libstdc++_nano.a(new_op.o)
 .ARM.attributes
                0x00000433       0x2c /home/matan/.eclipse/com.st.stm32cube.ide.mcu.rcp.product_1.16.0_139065174_linux_gtk_x86_64/plugins/com.st.stm32cube.ide.mcu.externaltools.gnu-tools-for-stm32.13.3.rel1.linux64_1.0.0.202410170706/tools/bin/../lib/gcc/arm-none-eabi/13.3.1/../../../../arm-none-eabi/lib/thumb/v6-m/nofp/libstdc++_nano.a(new_handler.o)
 .ARM.attributes
                0x0000045f       0x2c /home/matan/.eclipse/com.st.stm32cube.ide.mcu.rcp.product_1.16.0_139065174_linux_gtk_x86_64/plugins/com.st.stm32cube.ide.mcu.externaltools.gnu-tools-for-stm32.13.3.rel1.linux64_1.0.0.202410170706/tools/bin/../lib/gcc/arm-none-eabi/13.3.1/../../../../arm-none-eabi/lib/thumb/v6-m/nofp/libc_nano.a(libc_a-abort.o)
 .ARM.attributes
                0x0000048b       0x2c /home/matan/.eclipse/com.st.stm32cube.ide.mcu.rcp.product_1.16.0_139065174_linux_gtk_x86_64/plugins/com.st.stm32cube.ide.mcu.externaltools.gnu-tools-for-stm32.13.3.rel1.linux64_1.0.0.202410170706/tools/bin/../lib/gcc/arm-none-eabi/13.3.1/../../../../arm-none-eabi/lib/thumb/v6-m/nofp/libc_nano.a(libc_a-malloc.o)
 .ARM.attributes
                0x000004b7       0x2c /home/matan/.eclipse/com.st.stm32cube.ide.mcu.rcp.product_1.16.0_139065174_linux_gtk_x86_64/plugins/com.st.stm32cube.ide.mcu.externaltools.gnu-tools-for-stm32.13.3.rel1.linux64_1.0.0.202410170706/tools/bin/../lib/gcc/arm-none-eabi/13.3.1/../../../../arm-none-eabi/lib/thumb/v6-m/nofp/libc_nano.a(libc_a-mallocr.o)
 .ARM.attributes
                0x000004e3       0x2c /home/matan/.eclipse/com.st.stm32cube.ide.mcu.rcp.product_1.16.0_139065174_linux_gtk_x86_64/plugins/com.st.stm32cube.ide.mcu.externaltools.gnu-tools-for-stm32.13.3.rel1.linux64_1.0.0.202410170706/tools/bin/../lib/gcc/arm-none-eabi/13.3.1/../../../../arm-none-eabi/lib/thumb/v6-m/nofp/libc_nano.a(libc_a-mlock.o)
 .ARM.attributes
                0x0000050f       0x2c /home/matan/.eclipse/com.st.stm32cube.ide.mcu.rcp.product_1.16.0_139065174_linux_gtk_x86_64/plugins/com.st.stm32cube.ide.mcu.externaltools.gnu-tools-for-stm32.13.3.rel1.linux64_1.0.0.202410170706/tools/bin/../lib/gcc/arm-none-eabi/13.3.1/../../../../arm-none-eabi/lib/thumb/v6-m/nofp/libc_nano.a(libc_a-findfp.o)
 .ARM.attributes
                0x0000053b       0x2c /home/matan/.eclipse/com.st.stm32cube.ide.mcu.rcp.product_1.16.0_139065174_linux_gtk_x86_64/plugins/com.st.stm32cube.ide.mcu.externaltools.gnu-tools-for-stm32.13.3.rel1.linux64_1.0.0.202410170706/tools/bin/../lib/gcc/arm-none-eabi/13.3.1/../../../../arm-none-eabi/lib/thumb/v6-m/nofp/libc_nano.a(libc_a-memset.o)
 .ARM.attributes
                0x00000567       0x2c /home/matan/.eclipse/com.st.stm32cube.ide.mcu.rcp.product_1.16.0_139065174_linux_gtk_x86_64/plugins/com.st.stm32cube.ide.mcu.externaltools.gnu-tools-for-stm32.13.3.rel1.linux64_1.0.0.202410170706/tools/bin/../lib/gcc/arm-none-eabi/13.3.1/../../../../arm-none-eabi/lib/thumb/v6-m/nofp/libc_nano.a(libc_a-signal.o)
 .ARM.attributes
                0x00000593       0x2c /home/matan/.eclipse/com.st.stm32cube.ide.mcu.rcp.product_1.16.0_139065174_linux_gtk_x86_64/plugins/com.st.stm32cube.ide.mcu.externaltools.gnu-tools-for-stm32.13.3.rel1.linux64_1.0.0.202410170706/tools/bin/../lib/gcc/arm-none-eabi/13.3.1/../../../../arm-none-eabi/lib/thumb/v6-m/nofp/libc_nano.a(libc_a-reent.o)
 .ARM.attributes
                0x000005bf       0x2c /home/matan/.eclipse/com.st.stm32cube.ide.mcu.rcp.product_1.16.0_139065174_linux_gtk_x86_64/plugins/com.st.stm32cube.ide.mcu.externaltools.gnu-tools-for-stm32.13.3.rel1.linux64_1.0.0.202410170706/tools/bin/../lib/gcc/arm-none-eabi/13.3.1/../../../../arm-none-eabi/lib/thumb/v6-m/nofp/libc_nano.a(libc_a-impure.o)
 .ARM.attributes
                0x000005eb       0x2c /home/matan/.eclipse/com.st.stm32cube.ide.mcu.rcp.product_1.16.0_139065174_linux_gtk_x86_64/plugins/com.st.stm32cube.ide.mcu.externaltools.gnu-tools-for-stm32.13.3.rel1.linux64_1.0.0.202410170706/tools/bin/../lib/gcc/arm-none-eabi/13.3.1/../../../../arm-none-eabi/lib/thumb/v6-m/nofp/libc_nano.a(libc_a-signalr.o)
 .ARM.attributes
                0x00000617       0x2c /home/matan/.eclipse/com.st.stm32cube.ide.mcu.rcp.product_1.16.0_139065174_linux_gtk_x86_64/plugins/com.st.stm32cube.ide.mcu.externaltools.gnu-tools-for-stm32.13.3.rel1.linux64_1.0.0.202410170706/tools/bin/../lib/gcc/arm-none-eabi/13.3.1/../../../../arm-none-eabi/lib/thumb/v6-m/nofp/libc_nano.a(libc_a-sbrkr.o)
 .ARM.attributes
                0x00000643       0x2c /home/matan/.eclipse/com.st.stm32cube.ide.mcu.rcp.product_1.16.0_139065174_linux_gtk_x86_64/plugins/com.st.stm32cube.ide.mcu.externaltools.gnu-tools-for-stm32.13.3.rel1.linux64_1.0.0.202410170706/tools/bin/../lib/gcc/arm-none-eabi/13.3.1/../../../../arm-none-eabi/lib/thumb/v6-m/nofp/libc_nano.a(libc_a-errno.o)
 .ARM.attributes
                0x0000066f       0x2c /home/matan/.eclipse/com.st.stm32cube.ide.mcu.rcp.product_1.16.0_139065174_linux_gtk_x86_64/plugins/com.st.stm32cube.ide.mcu.externaltools.gnu-tools-for-stm32.13.3.rel1.linux64_1.0.0.202410170706/tools/bin/../lib/gcc/arm-none-eabi/13.3.1/../../../../arm-none-eabi/lib/thumb/v6-m/nofp/libc_nano.a(libc_a-init.o)
 .ARM.attributes
                0x0000069b       0x2c /home/matan/.eclipse/com.st.stm32cube.ide.mcu.rcp.product_1.16.0_139065174_linux_gtk_x86_64/plugins/com.st.stm32cube.ide.mcu.externaltools.gnu-tools-for-stm32.13.3.rel1.linux64_1.0.0.202410170706/tools/bin/../lib/gcc/arm-none-eabi/13.3.1/../../../../arm-none-eabi/lib/thumb/v6-m/nofp/libc_nano.a(libc_a-lock.o)
 .ARM.attributes
                0x000006c7       0x2c /home/matan/.eclipse/com.st.stm32cube.ide.mcu.rcp.product_1.16.0_139065174_linux_gtk_x86_64/plugins/com.st.stm32cube.ide.mcu.externaltools.gnu-tools-for-stm32.13.3.rel1.linux64_1.0.0.202410170706/tools/bin/../lib/gcc/arm-none-eabi/13.3.1/../../../../arm-none-eabi/lib/thumb/v6-m/nofp/libc_nano.a(libc_a-memcpy-stub.o)
 .ARM.attributes
                0x000006f3       0x1e /home/matan/.eclipse/com.st.stm32cube.ide.mcu.rcp.product_1.16.0_139065174_linux_gtk_x86_64/plugins/com.st.stm32cube.ide.mcu.externaltools.gnu-tools-for-stm32.13.3.rel1.linux64_1.0.0.202410170706/tools/bin/../lib/gcc/arm-none-eabi/13.3.1/thumb/v6-m/nofp/libgcc.a(_thumb1_case_uqi.o)
 .ARM.attributes
                0x00000711       0x1e /home/matan/.eclipse/com.st.stm32cube.ide.mcu.rcp.product_1.16.0_139065174_linux_gtk_x86_64/plugins/com.st.stm32cube.ide.mcu.externaltools.gnu-tools-for-stm32.13.3.rel1.linux64_1.0.0.202410170706/tools/bin/../lib/gcc/arm-none-eabi/13.3.1/thumb/v6-m/nofp/libgcc.a(_udivsi3.o)
 .ARM.attributes
                0x0000072f       0x1e /home/matan/.eclipse/com.st.stm32cube.ide.mcu.rcp.product_1.16.0_139065174_linux_gtk_x86_64/plugins/com.st.stm32cube.ide.mcu.externaltools.gnu-tools-for-stm32.13.3.rel1.linux64_1.0.0.202410170706/tools/bin/../lib/gcc/arm-none-eabi/13.3.1/thumb/v6-m/nofp/libgcc.a(_dvmd_tls.o)
 .ARM.attributes
                0x0000074d       0x1e /home/matan/.eclipse/com.st.stm32cube.ide.mcu.rcp.product_1.16.0_139065174_linux_gtk_x86_64/plugins/com.st.stm32cube.ide.mcu.externaltools.gnu-tools-for-stm32.13.3.rel1.linux64_1.0.0.202410170706/tools/bin/../lib/gcc/arm-none-eabi/13.3.1/thumb/v6-m/nofp/crtn.o
OUTPUT(fw-bootloader.elf elf32-littlearm)
LOAD linker stubs
LOAD /home/matan/.eclipse/com.st.stm32cube.ide.mcu.rcp.product_1.16.0_139065174_linux_gtk_x86_64/plugins/com.st.stm32cube.ide.mcu.externaltools.gnu-tools-for-stm32.13.3.rel1.linux64_1.0.0.202410170706/tools/bin/../lib/gcc/arm-none-eabi/13.3.1/../../../../arm-none-eabi/lib/thumb/v6-m/nofp/libc.a
LOAD /home/matan/.eclipse/com.st.stm32cube.ide.mcu.rcp.product_1.16.0_139065174_linux_gtk_x86_64/plugins/com.st.stm32cube.ide.mcu.externaltools.gnu-tools-for-stm32.13.3.rel1.linux64_1.0.0.202410170706/tools/bin/../lib/gcc/arm-none-eabi/13.3.1/../../../../arm-none-eabi/lib/thumb/v6-m/nofp/libm.a
LOAD /home/matan/.eclipse/com.st.stm32cube.ide.mcu.rcp.product_1.16.0_139065174_linux_gtk_x86_64/plugins/com.st.stm32cube.ide.mcu.externaltools.gnu-tools-for-stm32.13.3.rel1.linux64_1.0.0.202410170706/tools/bin/../lib/gcc/arm-none-eabi/13.3.1/thumb/v6-m/nofp/libgcc.a

.debug_info     0x00000000    0x1b7ce
 .debug_info    0x00000000     0x6946 ./Core/Src/bootloader_main.o
 .debug_info    0x00006946     0x4351 ./Core/Src/main.o
 .debug_info    0x0000ac97      0xd90 ./Core/Src/stm32f0xx_hal_msp.o
 .debug_info    0x0000ba27      0xade ./Core/Src/stm32f0xx_it.o
 .debug_info    0x0000c505      0x6a3 ./Core/Src/syscalls.o
 .debug_info    0x0000cba8      0x168 ./Core/Src/sysmem.o
 .debug_info    0x0000cd10      0x242 ./Core/Src/system_stm32f0xx.o
 .debug_info    0x0000cf52     0x4090 ./Core/Src/f072/CanMessenger/can_messenger.o
 .debug_info    0x00010fe2     0x3a47 ./Core/Src/f072/CommInterface/comm_interface.o
 .debug_info    0x00014a29      0x83a ./Core/Src/f072/GpioInterface/gpio_interface.o
 .debug_info    0x00015263      0xbc5 ./Core/Src/f072/NonVolatileMemoryInterface/non_volatile_memory_interface.o
 .debug_info    0x00015e28      0x622 ./Core/Src/f072/SystemInterface/system_interface.o
 .debug_info    0x0001644a       0x30 ./Core/Startup/startup_stm32f072c8tx.o
 .debug_info    0x0001647a      0x6c9 ./Drivers/STM32F0xx_HAL_Driver/Src/stm32f0xx_hal.o
 .debug_info    0x00016b43      0xeb5 ./Drivers/STM32F0xx_HAL_Driver/Src/stm32f0xx_hal_can.o
 .debug_info    0x000179f8      0x6c5 ./Drivers/STM32F0xx_HAL_Driver/Src/stm32f0xx_hal_cortex.o
 .debug_info    0x000180bd      0x6ea ./Drivers/STM32F0xx_HAL_Driver/Src/stm32f0xx_hal_dma.o
 .debug_info    0x000187a7      0x4f5 ./Drivers/STM32F0xx_HAL_Driver/Src/stm32f0xx_hal_flash.o
 .debug_info    0x00018c9c      0x735 ./Drivers/STM32F0xx_HAL_Driver/Src/stm32f0xx_hal_flash_ex.o
 .debug_info    0x000193d1      0x5a6 ./Drivers/STM32F0xx_HAL_Driver/Src/stm32f0xx_hal_gpio.o
 .debug_info    0x00019977      0x83f ./Drivers/STM32F0xx_HAL_Driver/Src/stm32f0xx_hal_rcc.o
 .debug_info    0x0001a1b6     0x1618 ./Drivers/STM32F0xx_HAL_Driver/Src/stm32f0xx_hal_spi.o

.debug_abbrev   0x00000000     0x4878
 .debug_abbrev  0x00000000      0xb63 ./Core/Src/bootloader_main.o
 .debug_abbrev  0x00000b63      0x6c0 ./Core/Src/main.o
 .debug_abbrev  0x00001223      0x1f7 ./Core/Src/stm32f0xx_hal_msp.o
 .debug_abbrev  0x0000141a      0x208 ./Core/Src/stm32f0xx_it.o
 .debug_abbrev  0x00001622      0x1b6 ./Core/Src/syscalls.o
 .debug_abbrev  0x000017d8       0xbc ./Core/Src/sysmem.o
 .debug_abbrev  0x00001894      0x11c ./Core/Src/system_stm32f0xx.o
 .debug_abbrev  0x000019b0      0x882 ./Core/Src/f072/CanMessenger/can_messenger.o
 .debug_abbrev  0x00002232      0x852 ./Core/Src/f072/CommInterface/comm_interface.o
 .debug_abbrev  0x00002a84      0x35c ./Core/Src/f072/GpioInterface/gpio_interface.o
 .debug_abbrev  0x00002de0      0x364 ./Core/Src/f072/NonVolatileMemoryInterface/non_volatile_memory_interface.o
 .debug_abbrev  0x00003144      0x32b ./Core/Src/f072/SystemInterface/system_interface.o
 .debug_abbrev  0x0000346f       0x24 ./Core/Startup/startup_stm32f072c8tx.o
 .debug_abbrev  0x00003493      0x213 ./Drivers/STM32F0xx_HAL_Driver/Src/stm32f0xx_hal.o
 .debug_abbrev  0x000036a6      0x1c3 ./Drivers/STM32F0xx_HAL_Driver/Src/stm32f0xx_hal_can.o
 .debug_abbrev  0x00003869      0x28c ./Drivers/STM32F0xx_HAL_Driver/Src/stm32f0xx_hal_cortex.o
 .debug_abbrev  0x00003af5      0x224 ./Drivers/STM32F0xx_HAL_Driver/Src/stm32f0xx_hal_dma.o
 .debug_abbrev  0x00003d19      0x258 ./Drivers/STM32F0xx_HAL_Driver/Src/stm32f0xx_hal_flash.o
 .debug_abbrev  0x00003f71      0x247 ./Drivers/STM32F0xx_HAL_Driver/Src/stm32f0xx_hal_flash_ex.o
 .debug_abbrev  0x000041b8      0x1cb ./Drivers/STM32F0xx_HAL_Driver/Src/stm32f0xx_hal_gpio.o
 .debug_abbrev  0x00004383      0x28c ./Drivers/STM32F0xx_HAL_Driver/Src/stm32f0xx_hal_rcc.o
 .debug_abbrev  0x0000460f      0x269 ./Drivers/STM32F0xx_HAL_Driver/Src/stm32f0xx_hal_spi.o

.debug_loclists
                0x00000000     0x32a8
 .debug_loclists
                0x00000000     0x1216 ./Core/Src/bootloader_main.o
 .debug_loclists
                0x00001216      0xc0f ./Core/Src/f072/CanMessenger/can_messenger.o
 .debug_loclists
                0x00001e25     0x10d8 ./Core/Src/f072/CommInterface/comm_interface.o
 .debug_loclists
                0x00002efd      0x233 ./Core/Src/f072/GpioInterface/gpio_interface.o
 .debug_loclists
                0x00003130       0xea ./Core/Src/f072/NonVolatileMemoryInterface/non_volatile_memory_interface.o
 .debug_loclists
                0x0000321a       0x8e ./Core/Src/f072/SystemInterface/system_interface.o

.debug_aranges  0x00000000      0xe30
 .debug_aranges
                0x00000000      0x1c8 ./Core/Src/bootloader_main.o
 .debug_aranges
                0x000001c8       0x30 ./Core/Src/main.o
 .debug_aranges
                0x000001f8       0x40 ./Core/Src/stm32f0xx_hal_msp.o
 .debug_aranges
                0x00000238       0x58 ./Core/Src/stm32f0xx_it.o
 .debug_aranges
                0x00000290       0xa8 ./Core/Src/syscalls.o
 .debug_aranges
                0x00000338       0x20 ./Core/Src/sysmem.o
 .debug_aranges
                0x00000358       0x28 ./Core/Src/system_stm32f0xx.o
 .debug_aranges
                0x00000380       0xc0 ./Core/Src/f072/CanMessenger/can_messenger.o
 .debug_aranges
                0x00000440      0x1d0 ./Core/Src/f072/CommInterface/comm_interface.o
 .debug_aranges
                0x00000610       0x58 ./Core/Src/f072/GpioInterface/gpio_interface.o
 .debug_aranges
                0x00000668       0x38 ./Core/Src/f072/NonVolatileMemoryInterface/non_volatile_memory_interface.o
 .debug_aranges
                0x000006a0       0x48 ./Core/Src/f072/SystemInterface/system_interface.o
 .debug_aranges
                0x000006e8       0x28 ./Core/Startup/startup_stm32f072c8tx.o
 .debug_aranges
                0x00000710       0xd0 ./Drivers/STM32F0xx_HAL_Driver/Src/stm32f0xx_hal.o
 .debug_aranges
                0x000007e0      0x138 ./Drivers/STM32F0xx_HAL_Driver/Src/stm32f0xx_hal_can.o
 .debug_aranges
                0x00000918       0xc0 ./Drivers/STM32F0xx_HAL_Driver/Src/stm32f0xx_hal_cortex.o
 .debug_aranges
                0x000009d8       0x88 ./Drivers/STM32F0xx_HAL_Driver/Src/stm32f0xx_hal_dma.o
 .debug_aranges
                0x00000a60       0x88 ./Drivers/STM32F0xx_HAL_Driver/Src/stm32f0xx_hal_flash.o
 .debug_aranges
                0x00000ae8       0x98 ./Drivers/STM32F0xx_HAL_Driver/Src/stm32f0xx_hal_flash_ex.o
 .debug_aranges
                0x00000b80       0x58 ./Drivers/STM32F0xx_HAL_Driver/Src/stm32f0xx_hal_gpio.o
 .debug_aranges
                0x00000bd8       0x80 ./Drivers/STM32F0xx_HAL_Driver/Src/stm32f0xx_hal_rcc.o
 .debug_aranges
                0x00000c58      0x1d8 ./Drivers/STM32F0xx_HAL_Driver/Src/stm32f0xx_hal_spi.o

.debug_rnglists
                0x00000000      0xea5
 .debug_rnglists
                0x00000000      0x300 ./Core/Src/bootloader_main.o
 .debug_rnglists
                0x00000300       0x6c ./Core/Src/main.o
 .debug_rnglists
                0x0000036c       0x2d ./Core/Src/stm32f0xx_hal_msp.o
 .debug_rnglists
                0x00000399       0x3d ./Core/Src/stm32f0xx_it.o
 .debug_rnglists
                0x000003d6       0x79 ./Core/Src/syscalls.o
 .debug_rnglists
                0x0000044f       0x13 ./Core/Src/sysmem.o
 .debug_rnglists
                0x00000462       0x1a ./Core/Src/system_stm32f0xx.o
 .debug_rnglists
                0x0000047c      0x1a8 ./Core/Src/f072/CanMessenger/can_messenger.o
 .debug_rnglists
                0x00000624      0x1ff ./Core/Src/f072/CommInterface/comm_interface.o
 .debug_rnglists
                0x00000823       0x70 ./Core/Src/f072/GpioInterface/gpio_interface.o
 .debug_rnglists
                0x00000893       0x34 ./Core/Src/f072/NonVolatileMemoryInterface/non_volatile_memory_interface.o
 .debug_rnglists
                0x000008c7       0x55 ./Core/Src/f072/SystemInterface/system_interface.o
 .debug_rnglists
                0x0000091c       0x19 ./Core/Startup/startup_stm32f072c8tx.o
 .debug_rnglists
                0x00000935       0x97 ./Drivers/STM32F0xx_HAL_Driver/Src/stm32f0xx_hal.o
 .debug_rnglists
                0x000009cc       0xee ./Drivers/STM32F0xx_HAL_Driver/Src/stm32f0xx_hal_can.o
 .debug_rnglists
                0x00000aba       0x8c ./Drivers/STM32F0xx_HAL_Driver/Src/stm32f0xx_hal_cortex.o
 .debug_rnglists
                0x00000b46       0x6a ./Drivers/STM32F0xx_HAL_Driver/Src/stm32f0xx_hal_dma.o
 .debug_rnglists
                0x00000bb0       0x65 ./Drivers/STM32F0xx_HAL_Driver/Src/stm32f0xx_hal_flash.o
 .debug_rnglists
                0x00000c15       0x76 ./Drivers/STM32F0xx_HAL_Driver/Src/stm32f0xx_hal_flash_ex.o
 .debug_rnglists
                0x00000c8b       0x3f ./Drivers/STM32F0xx_HAL_Driver/Src/stm32f0xx_hal_gpio.o
 .debug_rnglists
                0x00000cca       0x61 ./Drivers/STM32F0xx_HAL_Driver/Src/stm32f0xx_hal_rcc.o
 .debug_rnglists
                0x00000d2b      0x17a ./Drivers/STM32F0xx_HAL_Driver/Src/stm32f0xx_hal_spi.o

.debug_macro    0x00000000    0x1b98f
 .debug_macro   0x00000000      0x6ee ./Core/Src/bootloader_main.o
 .debug_macro   0x000006ee      0x133 ./Core/Src/bootloader_main.o
 .debug_macro   0x00000821       0x2e ./Core/Src/bootloader_main.o
 .debug_macro   0x0000084f       0x22 ./Core/Src/bootloader_main.o
 .debug_macro   0x00000871       0x1c ./Core/Src/bootloader_main.o
 .debug_macro   0x0000088d       0x22 ./Core/Src/bootloader_main.o
 .debug_macro   0x000008af       0xaf ./Core/Src/bootloader_main.o
 .debug_macro   0x0000095e      0x391 ./Core/Src/bootloader_main.o
 .debug_macro   0x00000cef     0xfe73 ./Core/Src/bootloader_main.o
 .debug_macro   0x00010b62       0x66 ./Core/Src/bootloader_main.o
 .debug_macro   0x00010bc8     0x34da ./Core/Src/bootloader_main.o
 .debug_macro   0x000140a2       0x55 ./Core/Src/bootloader_main.o
 .debug_macro   0x000140f7      0x946 ./Core/Src/bootloader_main.o
 .debug_macro   0x00014a3d      0x5f3 ./Core/Src/bootloader_main.o
 .debug_macro   0x00015030      0x1ae ./Core/Src/bootloader_main.o
 .debug_macro   0x000151de      0x1a7 ./Core/Src/bootloader_main.o
 .debug_macro   0x00015385      0x1a7 ./Core/Src/bootloader_main.o
 .debug_macro   0x0001552c      0x22c ./Core/Src/bootloader_main.o
 .debug_macro   0x00015758       0x34 ./Core/Src/bootloader_main.o
 .debug_macro   0x0001578c       0x43 ./Core/Src/bootloader_main.o
 .debug_macro   0x000157cf       0x28 ./Core/Src/bootloader_main.o
 .debug_macro   0x000157f7      0x408 ./Core/Src/bootloader_main.o
 .debug_macro   0x00015bff       0xb0 ./Core/Src/bootloader_main.o
 .debug_macro   0x00015caf      0x217 ./Core/Src/bootloader_main.o
 .debug_macro   0x00015ec6      0x22c ./Core/Src/bootloader_main.o
 .debug_macro   0x000160f2       0x61 ./Core/Src/bootloader_main.o
 .debug_macro   0x00016153       0xa5 ./Core/Src/bootloader_main.o
 .debug_macro   0x000161f8       0x4c ./Core/Src/bootloader_main.o
 .debug_macro   0x00016244      0x16d ./Core/Src/bootloader_main.o
 .debug_macro   0x000163b1      0x2fe ./Core/Src/bootloader_main.o
 .debug_macro   0x000166af      0x130 ./Core/Src/bootloader_main.o
 .debug_macro   0x000167df       0x1c ./Core/Src/bootloader_main.o
 .debug_macro   0x000167fb       0x10 ./Core/Src/bootloader_main.o
 .debug_macro   0x0001680b       0x20 ./Core/Src/bootloader_main.o
 .debug_macro   0x0001682b       0x10 ./Core/Src/bootloader_main.o
 .debug_macro   0x0001683b       0x2e ./Core/Src/bootloader_main.o
 .debug_macro   0x00016869       0x22 ./Core/Src/bootloader_main.o
 .debug_macro   0x0001688b       0x10 ./Core/Src/bootloader_main.o
 .debug_macro   0x0001689b       0x10 ./Core/Src/bootloader_main.o
 .debug_macro   0x000168ab       0x22 ./Core/Src/bootloader_main.o
 .debug_macro   0x000168cd       0x3f ./Core/Src/bootloader_main.o
 .debug_macro   0x0001690c       0x16 ./Core/Src/bootloader_main.o
 .debug_macro   0x00016922       0x22 ./Core/Src/bootloader_main.o
 .debug_macro   0x00016944       0x8e ./Core/Src/bootloader_main.o
 .debug_macro   0x000169d2      0x6f2 ./Core/Src/main.o
 .debug_macro   0x000170c4      0x1c8 ./Core/Src/stm32f0xx_hal_msp.o
 .debug_macro   0x0001728c      0xaae ./Core/Src/stm32f0xx_hal_msp.o
 .debug_macro   0x00017d3a      0x391 ./Core/Src/stm32f0xx_hal_msp.o
 .debug_macro   0x000180cb      0x190 ./Core/Src/stm32f0xx_hal_msp.o
 .debug_macro   0x0001825b      0x1d2 ./Core/Src/stm32f0xx_it.o
 .debug_macro   0x0001842d      0x274 ./Core/Src/syscalls.o
 .debug_macro   0x000186a1       0x5b ./Core/Src/syscalls.o
 .debug_macro   0x000186fc       0x94 ./Core/Src/syscalls.o
 .debug_macro   0x00018790       0x34 ./Core/Src/syscalls.o
 .debug_macro   0x000187c4       0x57 ./Core/Src/syscalls.o
 .debug_macro   0x0001881b      0x370 ./Core/Src/syscalls.o
 .debug_macro   0x00018b8b       0x4a ./Core/Src/syscalls.o
 .debug_macro   0x00018bd5       0x1c ./Core/Src/syscalls.o
 .debug_macro   0x00018bf1       0x10 ./Core/Src/syscalls.o
 .debug_macro   0x00018c01       0x3c ./Core/Src/syscalls.o
 .debug_macro   0x00018c3d       0x10 ./Core/Src/syscalls.o
 .debug_macro   0x00018c4d       0x10 ./Core/Src/syscalls.o
 .debug_macro   0x00018c5d       0x10 ./Core/Src/syscalls.o
 .debug_macro   0x00018c6d       0x1c ./Core/Src/syscalls.o
 .debug_macro   0x00018c89       0x52 ./Core/Src/syscalls.o
 .debug_macro   0x00018cdb       0x22 ./Core/Src/syscalls.o
 .debug_macro   0x00018cfd       0x10 ./Core/Src/syscalls.o
 .debug_macro   0x00018d0d       0x52 ./Core/Src/syscalls.o
 .debug_macro   0x00018d5f       0xcf ./Core/Src/syscalls.o
 .debug_macro   0x00018e2e       0x1c ./Core/Src/syscalls.o
 .debug_macro   0x00018e4a       0x3d ./Core/Src/syscalls.o
 .debug_macro   0x00018e87       0x35 ./Core/Src/syscalls.o
 .debug_macro   0x00018ebc      0x12c ./Core/Src/syscalls.o
 .debug_macro   0x00018fe8       0x10 ./Core/Src/syscalls.o
 .debug_macro   0x00018ff8      0x146 ./Core/Src/syscalls.o
 .debug_macro   0x0001913e      0x18a ./Core/Src/syscalls.o
 .debug_macro   0x000192c8       0x16 ./Core/Src/syscalls.o
 .debug_macro   0x000192de       0xce ./Core/Src/syscalls.o
 .debug_macro   0x000193ac      0x112 ./Core/Src/sysmem.o
 .debug_macro   0x000194be      0x23c ./Core/Src/sysmem.o
 .debug_macro   0x000196fa      0x1b9 ./Core/Src/system_stm32f0xx.o
 .debug_macro   0x000198b3      0x64e ./Core/Src/f072/CanMessenger/can_messenger.o
 .debug_macro   0x00019f01       0x4f ./Core/Src/f072/CanMessenger/can_messenger.o
 .debug_macro   0x00019f50      0x2a3 ./Core/Src/f072/CommInterface/comm_interface.o
 .debug_macro   0x0001a1f3      0x1dc ./Core/Src/f072/GpioInterface/gpio_interface.o
 .debug_macro   0x0001a3cf      0x2fb ./Core/Src/f072/NonVolatileMemoryInterface/non_volatile_memory_interface.o
 .debug_macro   0x0001a6ca      0x2c2 ./Core/Src/f072/SystemInterface/system_interface.o